../Drivers/CMSIS/Include/core_cm0plus.h:983:34:__NVIC_SystemReset	8	static,ignoring_inline_asm
../Core/Src/main.c:73:5:main	96	static,ignoring_inline_asm
../Core/Src/main.c:197:6:SystemClock_Config	112	static
../Core/Src/main.c:244:13:MX_ADC_Init	16	static
../Core/Src/main.c:304:13:MX_I2C1_Init	8	static
../Core/Src/main.c:349:13:MX_TIM2_Init	32	static
../Core/Src/main.c:389:13:MX_DMA_Init	16	static
../Core/Src/main.c:406:13:MX_GPIO_Init	48	static
../Core/Src/main.c:482:6:check_device	16	static
../Core/Src/main.c:492:6:Error_Handler	8	static,ignoring_inline_asm
