23:21:29 **** Build of configuration Release for project STM32Watch ****
make -j7 all 
arm-none-eabi-gcc "../Drivers/STM32L0xx_HAL_Driver/Src/stm32l0xx_hal.c" -mcpu=cortex-m0plus -std=gnu11 -DUSE_HAL_DRIVER -DSTM32L031xx -c -I../Core/Inc -I../Drivers/STM32L0xx_HAL_Driver/Inc -I../Drivers/STM32L0xx_HAL_Driver/Inc/Legacy -I../Drivers/CMSIS/Device/ST/STM32L0xx/Include -I../Drivers/CMSIS/Include -Os -ffunction-sections -fdata-sections -Wall -fstack-usage -MMD -MP -MF"Drivers/STM32L0xx_HAL_Driver/Src/stm32l0xx_hal.d" -MT"Drivers/STM32L0xx_HAL_Driver/Src/stm32l0xx_hal.o" --specs=nano.specs -mfloat-abi=soft -mthumb -o "Drivers/STM32L0xx_HAL_Driver/Src/stm32l0xx_hal.o"
arm-none-eabi-gcc "../Drivers/STM32L0xx_HAL_Driver/Src/stm32l0xx_hal_adc.c" -mcpu=cortex-m0plus -std=gnu11 -DUSE_HAL_DRIVER -DSTM32L031xx -c -I../Core/Inc -I../Drivers/STM32L0xx_HAL_Driver/Inc -I../Drivers/STM32L0xx_HAL_Driver/Inc/Legacy -I../Drivers/CMSIS/Device/ST/STM32L0xx/Include -I../Drivers/CMSIS/Include -Os -ffunction-sections -fdata-sections -Wall -fstack-usage -MMD -MP -MF"Drivers/STM32L0xx_HAL_Driver/Src/stm32l0xx_hal_adc.d" -MT"Drivers/STM32L0xx_HAL_Driver/Src/stm32l0xx_hal_adc.o" --specs=nano.specs -mfloat-abi=soft -mthumb -o "Drivers/STM32L0xx_HAL_Driver/Src/stm32l0xx_hal_adc.o"
arm-none-eabi-gcc "../Drivers/STM32L0xx_HAL_Driver/Src/stm32l0xx_hal_adc_ex.c" -mcpu=cortex-m0plus -std=gnu11 -DUSE_HAL_DRIVER -DSTM32L031xx -c -I../Core/Inc -I../Drivers/STM32L0xx_HAL_Driver/Inc -I../Drivers/STM32L0xx_HAL_Driver/Inc/Legacy -I../Drivers/CMSIS/Device/ST/STM32L0xx/Include -I../Drivers/CMSIS/Include -Os -ffunction-sections -fdata-sections -Wall -fstack-usage -MMD -MP -MF"Drivers/STM32L0xx_HAL_Driver/Src/stm32l0xx_hal_adc_ex.d" -MT"Drivers/STM32L0xx_HAL_Driver/Src/stm32l0xx_hal_adc_ex.o" --specs=nano.specs -mfloat-abi=soft -mthumb -o "Drivers/STM32L0xx_HAL_Driver/Src/stm32l0xx_hal_adc_ex.o"
arm-none-eabi-gcc "../Drivers/STM32L0xx_HAL_Driver/Src/stm32l0xx_hal_cortex.c" -mcpu=cortex-m0plus -std=gnu11 -DUSE_HAL_DRIVER -DSTM32L031xx -c -I../Core/Inc -I../Drivers/STM32L0xx_HAL_Driver/Inc -I../Drivers/STM32L0xx_HAL_Driver/Inc/Legacy -I../Drivers/CMSIS/Device/ST/STM32L0xx/Include -I../Drivers/CMSIS/Include -Os -ffunction-sections -fdata-sections -Wall -fstack-usage -MMD -MP -MF"Drivers/STM32L0xx_HAL_Driver/Src/stm32l0xx_hal_cortex.d" -MT"Drivers/STM32L0xx_HAL_Driver/Src/stm32l0xx_hal_cortex.o" --specs=nano.specs -mfloat-abi=soft -mthumb -o "Drivers/STM32L0xx_HAL_Driver/Src/stm32l0xx_hal_cortex.o"
arm-none-eabi-gcc "../Drivers/STM32L0xx_HAL_Driver/Src/stm32l0xx_hal_dma.c" -mcpu=cortex-m0plus -std=gnu11 -DUSE_HAL_DRIVER -DSTM32L031xx -c -I../Core/Inc -I../Drivers/STM32L0xx_HAL_Driver/Inc -I../Drivers/STM32L0xx_HAL_Driver/Inc/Legacy -I../Drivers/CMSIS/Device/ST/STM32L0xx/Include -I../Drivers/CMSIS/Include -Os -ffunction-sections -fdata-sections -Wall -fstack-usage -MMD -MP -MF"Drivers/STM32L0xx_HAL_Driver/Src/stm32l0xx_hal_dma.d" -MT"Drivers/STM32L0xx_HAL_Driver/Src/stm32l0xx_hal_dma.o" --specs=nano.specs -mfloat-abi=soft -mthumb -o "Drivers/STM32L0xx_HAL_Driver/Src/stm32l0xx_hal_dma.o"
arm-none-eabi-gcc "../Drivers/STM32L0xx_HAL_Driver/Src/stm32l0xx_hal_exti.c" -mcpu=cortex-m0plus -std=gnu11 -DUSE_HAL_DRIVER -DSTM32L031xx -c -I../Core/Inc -I../Drivers/STM32L0xx_HAL_Driver/Inc -I../Drivers/STM32L0xx_HAL_Driver/Inc/Legacy -I../Drivers/CMSIS/Device/ST/STM32L0xx/Include -I../Drivers/CMSIS/Include -Os -ffunction-sections -fdata-sections -Wall -fstack-usage -MMD -MP -MF"Drivers/STM32L0xx_HAL_Driver/Src/stm32l0xx_hal_exti.d" -MT"Drivers/STM32L0xx_HAL_Driver/Src/stm32l0xx_hal_exti.o" --specs=nano.specs -mfloat-abi=soft -mthumb -o "Drivers/STM32L0xx_HAL_Driver/Src/stm32l0xx_hal_exti.o"
arm-none-eabi-gcc "../Drivers/STM32L0xx_HAL_Driver/Src/stm32l0xx_hal_flash.c" -mcpu=cortex-m0plus -std=gnu11 -DUSE_HAL_DRIVER -DSTM32L031xx -c -I../Core/Inc -I../Drivers/STM32L0xx_HAL_Driver/Inc -I../Drivers/STM32L0xx_HAL_Driver/Inc/Legacy -I../Drivers/CMSIS/Device/ST/STM32L0xx/Include -I../Drivers/CMSIS/Include -Os -ffunction-sections -fdata-sections -Wall -fstack-usage -MMD -MP -MF"Drivers/STM32L0xx_HAL_Driver/Src/stm32l0xx_hal_flash.d" -MT"Drivers/STM32L0xx_HAL_Driver/Src/stm32l0xx_hal_flash.o" --specs=nano.specs -mfloat-abi=soft -mthumb -o "Drivers/STM32L0xx_HAL_Driver/Src/stm32l0xx_hal_flash.o"
arm-none-eabi-gcc "../Drivers/STM32L0xx_HAL_Driver/Src/stm32l0xx_hal_flash_ex.c" -mcpu=cortex-m0plus -std=gnu11 -DUSE_HAL_DRIVER -DSTM32L031xx -c -I../Core/Inc -I../Drivers/STM32L0xx_HAL_Driver/Inc -I../Drivers/STM32L0xx_HAL_Driver/Inc/Legacy -I../Drivers/CMSIS/Device/ST/STM32L0xx/Include -I../Drivers/CMSIS/Include -Os -ffunction-sections -fdata-sections -Wall -fstack-usage -MMD -MP -MF"Drivers/STM32L0xx_HAL_Driver/Src/stm32l0xx_hal_flash_ex.d" -MT"Drivers/STM32L0xx_HAL_Driver/Src/stm32l0xx_hal_flash_ex.o" --specs=nano.specs -mfloat-abi=soft -mthumb -o "Drivers/STM32L0xx_HAL_Driver/Src/stm32l0xx_hal_flash_ex.o"
arm-none-eabi-gcc "../Drivers/STM32L0xx_HAL_Driver/Src/stm32l0xx_hal_flash_ramfunc.c" -mcpu=cortex-m0plus -std=gnu11 -DUSE_HAL_DRIVER -DSTM32L031xx -c -I../Core/Inc -I../Drivers/STM32L0xx_HAL_Driver/Inc -I../Drivers/STM32L0xx_HAL_Driver/Inc/Legacy -I../Drivers/CMSIS/Device/ST/STM32L0xx/Include -I../Drivers/CMSIS/Include -Os -ffunction-sections -fdata-sections -Wall -fstack-usage -MMD -MP -MF"Drivers/STM32L0xx_HAL_Driver/Src/stm32l0xx_hal_flash_ramfunc.d" -MT"Drivers/STM32L0xx_HAL_Driver/Src/stm32l0xx_hal_flash_ramfunc.o" --specs=nano.specs -mfloat-abi=soft -mthumb -o "Drivers/STM32L0xx_HAL_Driver/Src/stm32l0xx_hal_flash_ramfunc.o"
arm-none-eabi-gcc "../Drivers/STM32L0xx_HAL_Driver/Src/stm32l0xx_hal_gpio.c" -mcpu=cortex-m0plus -std=gnu11 -DUSE_HAL_DRIVER -DSTM32L031xx -c -I../Core/Inc -I../Drivers/STM32L0xx_HAL_Driver/Inc -I../Drivers/STM32L0xx_HAL_Driver/Inc/Legacy -I../Drivers/CMSIS/Device/ST/STM32L0xx/Include -I../Drivers/CMSIS/Include -Os -ffunction-sections -fdata-sections -Wall -fstack-usage -MMD -MP -MF"Drivers/STM32L0xx_HAL_Driver/Src/stm32l0xx_hal_gpio.d" -MT"Drivers/STM32L0xx_HAL_Driver/Src/stm32l0xx_hal_gpio.o" --specs=nano.specs -mfloat-abi=soft -mthumb -o "Drivers/STM32L0xx_HAL_Driver/Src/stm32l0xx_hal_gpio.o"
arm-none-eabi-gcc "../Drivers/STM32L0xx_HAL_Driver/Src/stm32l0xx_hal_i2c.c" -mcpu=cortex-m0plus -std=gnu11 -DUSE_HAL_DRIVER -DSTM32L031xx -c -I../Core/Inc -I../Drivers/STM32L0xx_HAL_Driver/Inc -I../Drivers/STM32L0xx_HAL_Driver/Inc/Legacy -I../Drivers/CMSIS/Device/ST/STM32L0xx/Include -I../Drivers/CMSIS/Include -Os -ffunction-sections -fdata-sections -Wall -fstack-usage -MMD -MP -MF"Drivers/STM32L0xx_HAL_Driver/Src/stm32l0xx_hal_i2c.d" -MT"Drivers/STM32L0xx_HAL_Driver/Src/stm32l0xx_hal_i2c.o" --specs=nano.specs -mfloat-abi=soft -mthumb -o "Drivers/STM32L0xx_HAL_Driver/Src/stm32l0xx_hal_i2c.o"
arm-none-eabi-gcc "../Drivers/STM32L0xx_HAL_Driver/Src/stm32l0xx_hal_i2c_ex.c" -mcpu=cortex-m0plus -std=gnu11 -DUSE_HAL_DRIVER -DSTM32L031xx -c -I../Core/Inc -I../Drivers/STM32L0xx_HAL_Driver/Inc -I../Drivers/STM32L0xx_HAL_Driver/Inc/Legacy -I../Drivers/CMSIS/Device/ST/STM32L0xx/Include -I../Drivers/CMSIS/Include -Os -ffunction-sections -fdata-sections -Wall -fstack-usage -MMD -MP -MF"Drivers/STM32L0xx_HAL_Driver/Src/stm32l0xx_hal_i2c_ex.d" -MT"Drivers/STM32L0xx_HAL_Driver/Src/stm32l0xx_hal_i2c_ex.o" --specs=nano.specs -mfloat-abi=soft -mthumb -o "Drivers/STM32L0xx_HAL_Driver/Src/stm32l0xx_hal_i2c_ex.o"
arm-none-eabi-gcc "../Drivers/STM32L0xx_HAL_Driver/Src/stm32l0xx_hal_pwr.c" -mcpu=cortex-m0plus -std=gnu11 -DUSE_HAL_DRIVER -DSTM32L031xx -c -I../Core/Inc -I../Drivers/STM32L0xx_HAL_Driver/Inc -I../Drivers/STM32L0xx_HAL_Driver/Inc/Legacy -I../Drivers/CMSIS/Device/ST/STM32L0xx/Include -I../Drivers/CMSIS/Include -Os -ffunction-sections -fdata-sections -Wall -fstack-usage -MMD -MP -MF"Drivers/STM32L0xx_HAL_Driver/Src/stm32l0xx_hal_pwr.d" -MT"Drivers/STM32L0xx_HAL_Driver/Src/stm32l0xx_hal_pwr.o" --specs=nano.specs -mfloat-abi=soft -mthumb -o "Drivers/STM32L0xx_HAL_Driver/Src/stm32l0xx_hal_pwr.o"
arm-none-eabi-gcc "../Drivers/STM32L0xx_HAL_Driver/Src/stm32l0xx_hal_pwr_ex.c" -mcpu=cortex-m0plus -std=gnu11 -DUSE_HAL_DRIVER -DSTM32L031xx -c -I../Core/Inc -I../Drivers/STM32L0xx_HAL_Driver/Inc -I../Drivers/STM32L0xx_HAL_Driver/Inc/Legacy -I../Drivers/CMSIS/Device/ST/STM32L0xx/Include -I../Drivers/CMSIS/Include -Os -ffunction-sections -fdata-sections -Wall -fstack-usage -MMD -MP -MF"Drivers/STM32L0xx_HAL_Driver/Src/stm32l0xx_hal_pwr_ex.d" -MT"Drivers/STM32L0xx_HAL_Driver/Src/stm32l0xx_hal_pwr_ex.o" --specs=nano.specs -mfloat-abi=soft -mthumb -o "Drivers/STM32L0xx_HAL_Driver/Src/stm32l0xx_hal_pwr_ex.o"
arm-none-eabi-gcc "../Drivers/STM32L0xx_HAL_Driver/Src/stm32l0xx_hal_rcc.c" -mcpu=cortex-m0plus -std=gnu11 -DUSE_HAL_DRIVER -DSTM32L031xx -c -I../Core/Inc -I../Drivers/STM32L0xx_HAL_Driver/Inc -I../Drivers/STM32L0xx_HAL_Driver/Inc/Legacy -I../Drivers/CMSIS/Device/ST/STM32L0xx/Include -I../Drivers/CMSIS/Include -Os -ffunction-sections -fdata-sections -Wall -fstack-usage -MMD -MP -MF"Drivers/STM32L0xx_HAL_Driver/Src/stm32l0xx_hal_rcc.d" -MT"Drivers/STM32L0xx_HAL_Driver/Src/stm32l0xx_hal_rcc.o" --specs=nano.specs -mfloat-abi=soft -mthumb -o "Drivers/STM32L0xx_HAL_Driver/Src/stm32l0xx_hal_rcc.o"
arm-none-eabi-gcc "../Drivers/STM32L0xx_HAL_Driver/Src/stm32l0xx_hal_rcc_ex.c" -mcpu=cortex-m0plus -std=gnu11 -DUSE_HAL_DRIVER -DSTM32L031xx -c -I../Core/Inc -I../Drivers/STM32L0xx_HAL_Driver/Inc -I../Drivers/STM32L0xx_HAL_Driver/Inc/Legacy -I../Drivers/CMSIS/Device/ST/STM32L0xx/Include -I../Drivers/CMSIS/Include -Os -ffunction-sections -fdata-sections -Wall -fstack-usage -MMD -MP -MF"Drivers/STM32L0xx_HAL_Driver/Src/stm32l0xx_hal_rcc_ex.d" -MT"Drivers/STM32L0xx_HAL_Driver/Src/stm32l0xx_hal_rcc_ex.o" --specs=nano.specs -mfloat-abi=soft -mthumb -o "Drivers/STM32L0xx_HAL_Driver/Src/stm32l0xx_hal_rcc_ex.o"
arm-none-eabi-gcc "../Drivers/STM32L0xx_HAL_Driver/Src/stm32l0xx_hal_tim.c" -mcpu=cortex-m0plus -std=gnu11 -DUSE_HAL_DRIVER -DSTM32L031xx -c -I../Core/Inc -I../Drivers/STM32L0xx_HAL_Driver/Inc -I../Drivers/STM32L0xx_HAL_Driver/Inc/Legacy -I../Drivers/CMSIS/Device/ST/STM32L0xx/Include -I../Drivers/CMSIS/Include -Os -ffunction-sections -fdata-sections -Wall -fstack-usage -MMD -MP -MF"Drivers/STM32L0xx_HAL_Driver/Src/stm32l0xx_hal_tim.d" -MT"Drivers/STM32L0xx_HAL_Driver/Src/stm32l0xx_hal_tim.o" --specs=nano.specs -mfloat-abi=soft -mthumb -o "Drivers/STM32L0xx_HAL_Driver/Src/stm32l0xx_hal_tim.o"
arm-none-eabi-gcc "../Drivers/STM32L0xx_HAL_Driver/Src/stm32l0xx_hal_tim_ex.c" -mcpu=cortex-m0plus -std=gnu11 -DUSE_HAL_DRIVER -DSTM32L031xx -c -I../Core/Inc -I../Drivers/STM32L0xx_HAL_Driver/Inc -I../Drivers/STM32L0xx_HAL_Driver/Inc/Legacy -I../Drivers/CMSIS/Device/ST/STM32L0xx/Include -I../Drivers/CMSIS/Include -Os -ffunction-sections -fdata-sections -Wall -fstack-usage -MMD -MP -MF"Drivers/STM32L0xx_HAL_Driver/Src/stm32l0xx_hal_tim_ex.d" -MT"Drivers/STM32L0xx_HAL_Driver/Src/stm32l0xx_hal_tim_ex.o" --specs=nano.specs -mfloat-abi=soft -mthumb -o "Drivers/STM32L0xx_HAL_Driver/Src/stm32l0xx_hal_tim_ex.o"
arm-none-eabi-gcc -mcpu=cortex-m0plus -c -x assembler-with-cpp -MMD -MP -MF"Core/Startup/startup_stm32l031k6tx.d" -MT"Core/Startup/startup_stm32l031k6tx.o" --specs=nano.specs -mfloat-abi=soft -mthumb -o "Core/Startup/startup_stm32l031k6tx.o" "../Core/Startup/startup_stm32l031k6tx.s"
arm-none-eabi-gcc "../Core/Src/definitions.c" -mcpu=cortex-m0plus -std=gnu11 -DUSE_HAL_DRIVER -DSTM32L031xx -c -I../Core/Inc -I../Drivers/STM32L0xx_HAL_Driver/Inc -I../Drivers/STM32L0xx_HAL_Driver/Inc/Legacy -I../Drivers/CMSIS/Device/ST/STM32L0xx/Include -I../Drivers/CMSIS/Include -Os -ffunction-sections -fdata-sections -Wall -fstack-usage -MMD -MP -MF"Core/Src/definitions.d" -MT"Core/Src/definitions.o" --specs=nano.specs -mfloat-abi=soft -mthumb -o "Core/Src/definitions.o"
arm-none-eabi-gcc "../Core/Src/display.c" -mcpu=cortex-m0plus -std=gnu11 -DUSE_HAL_DRIVER -DSTM32L031xx -c -I../Core/Inc -I../Drivers/STM32L0xx_HAL_Driver/Inc -I../Drivers/STM32L0xx_HAL_Driver/Inc/Legacy -I../Drivers/CMSIS/Device/ST/STM32L0xx/Include -I../Drivers/CMSIS/Include -Os -ffunction-sections -fdata-sections -Wall -fstack-usage -MMD -MP -MF"Core/Src/display.d" -MT"Core/Src/display.o" --specs=nano.specs -mfloat-abi=soft -mthumb -o "Core/Src/display.o"
arm-none-eabi-gcc "../Core/Src/helpers.c" -mcpu=cortex-m0plus -std=gnu11 -DUSE_HAL_DRIVER -DSTM32L031xx -c -I../Core/Inc -I../Drivers/STM32L0xx_HAL_Driver/Inc -I../Drivers/STM32L0xx_HAL_Driver/Inc/Legacy -I../Drivers/CMSIS/Device/ST/STM32L0xx/Include -I../Drivers/CMSIS/Include -Os -ffunction-sections -fdata-sections -Wall -fstack-usage -MMD -MP -MF"Core/Src/helpers.d" -MT"Core/Src/helpers.o" --specs=nano.specs -mfloat-abi=soft -mthumb -o "Core/Src/helpers.o"
arm-none-eabi-gcc "../Core/Src/input.c" -mcpu=cortex-m0plus -std=gnu11 -DUSE_HAL_DRIVER -DSTM32L031xx -c -I../Core/Inc -I../Drivers/STM32L0xx_HAL_Driver/Inc -I../Drivers/STM32L0xx_HAL_Driver/Inc/Legacy -I../Drivers/CMSIS/Device/ST/STM32L0xx/Include -I../Drivers/CMSIS/Include -Os -ffunction-sections -fdata-sections -Wall -fstack-usage -MMD -MP -MF"Core/Src/input.d" -MT"Core/Src/input.o" --specs=nano.specs -mfloat-abi=soft -mthumb -o "Core/Src/input.o"
../Core/Src/display.c: In function 'print_time':
../Core/Src/display.c:73:36: warning: ' ' directive output may be truncated writing 1 byte into a region of size between 0 and 2 [-Wformat-truncation=]
arm-none-eabi-gcc "../Core/Src/main.c" -mcpu=cortex-m0plus -std=gnu11 -DUSE_HAL_DRIVER -DSTM32L031xx -c -I../Core/Inc -I../Drivers/STM32L0xx_HAL_Driver/Inc -I../Drivers/STM32L0xx_HAL_Driver/Inc/Legacy -I../Drivers/CMSIS/Device/ST/STM32L0xx/Include -I../Drivers/CMSIS/Include -Os -ffunction-sections -fdata-sections -Wall -fstack-usage -MMD -MP -MF"Core/Src/main.d" -MT"Core/Src/main.o" --specs=nano.specs -mfloat-abi=soft -mthumb -o "Core/Src/main.o"
   73 |   snprintf(buffer, 9, "  %02d%c%02d ", hours, sec_dot, minutes);
      |                                    ^
../Core/Src/display.c:73:3: note: 'snprintf' output between 9 and 11 bytes into a destination of size 9
arm-none-eabi-gcc "../Core/Src/menu.c" -mcpu=cortex-m0plus -std=gnu11 -DUSE_HAL_DRIVER -DSTM32L031xx -c -I../Core/Inc -I../Drivers/STM32L0xx_HAL_Driver/Inc -I../Drivers/STM32L0xx_HAL_Driver/Inc/Legacy -I../Drivers/CMSIS/Device/ST/STM32L0xx/Include -I../Drivers/CMSIS/Include -Os -ffunction-sections -fdata-sections -Wall -fstack-usage -MMD -MP -MF"Core/Src/menu.d" -MT"Core/Src/menu.o" --specs=nano.specs -mfloat-abi=soft -mthumb -o "Core/Src/menu.o"
   73 |   snprintf(buffer, 9, "  %02d%c%02d ", hours, sec_dot, minutes);
arm-none-eabi-gcc "../Core/Src/stm32l0xx_hal_msp.c" -mcpu=cortex-m0plus -std=gnu11 -DUSE_HAL_DRIVER -DSTM32L031xx -c -I../Core/Inc -I../Drivers/STM32L0xx_HAL_Driver/Inc -I../Drivers/STM32L0xx_HAL_Driver/Inc/Legacy -I../Drivers/CMSIS/Device/ST/STM32L0xx/Include -I../Drivers/CMSIS/Include -Os -ffunction-sections -fdata-sections -Wall -fstack-usage -MMD -MP -MF"Core/Src/stm32l0xx_hal_msp.d" -MT"Core/Src/stm32l0xx_hal_msp.o" --specs=nano.specs -mfloat-abi=soft -mthumb -o "Core/Src/stm32l0xx_hal_msp.o"
      |   ^~~~~~~~~~~~~~~~~~~~~~~~~~~~~~~~~~~~~~~~~~~~~~~~~~~~~~~~~~~~~
../Core/Src/display.c:76:34: warning: '%02d' directive output may be truncated writing between 2 and 3 bytes into a region of size between 1 and 3 [-Wformat-truncation=]
   76 |   snprintf(buffer, 9, "%02d.%02d.%02d", hours, minutes, seconds);
      |                                  ^~~~
../Core/Src/display.c:76:23: note: directive argument in the range [0, 255]
   76 |   snprintf(buffer, 9, "%02d.%02d.%02d", hours, minutes, seconds);
      |                       ^~~~~~~~~~~~~~~~
../Core/Src/display.c:76:3: note: 'snprintf' output between 9 and 12 bytes into a destination of size 9
   76 |   snprintf(buffer, 9, "%02d.%02d.%02d", hours, minutes, seconds);
      |   ^~~~~~~~~~~~~~~~~~~~~~~~~~~~~~~~~~~~~~~~~~~~~~~~~~~~~~~~~~~~~~
../Core/Src/display.c: In function 'print_new_time':
../Core/Src/display.c:86:33: warning: '%02d' directive output may be truncated writing between 2 and 3 bytes into a region of size between 1 and 3 [-Wformat-truncation=]
   86 |  snprintf(buffer, 9, "%02d.%02d.%02d", new_hours, new_minutes, new_seconds);
      |                                 ^~~~
../Core/Src/display.c:86:22: note: directive argument in the range [0, 255]
   86 |  snprintf(buffer, 9, "%02d.%02d.%02d", new_hours, new_minutes, new_seconds);
      |                      ^~~~~~~~~~~~~~~~
../Core/Src/display.c:86:2: note: 'snprintf' output between 9 and 12 bytes into a destination of size 9
   86 |  snprintf(buffer, 9, "%02d.%02d.%02d", new_hours, new_minutes, new_seconds);
arm-none-eabi-gcc "../Core/Src/stm32l0xx_it.c" -mcpu=cortex-m0plus -std=gnu11 -DUSE_HAL_DRIVER -DSTM32L031xx -c -I../Core/Inc -I../Drivers/STM32L0xx_HAL_Driver/Inc -I../Drivers/STM32L0xx_HAL_Driver/Inc/Legacy -I../Drivers/CMSIS/Device/ST/STM32L0xx/Include -I../Drivers/CMSIS/Include -Os -ffunction-sections -fdata-sections -Wall -fstack-usage -MMD -MP -MF"Core/Src/stm32l0xx_it.d" -MT"Core/Src/stm32l0xx_it.o" --specs=nano.specs -mfloat-abi=soft -mthumb -o "Core/Src/stm32l0xx_it.o"
      |  ^~~~~~~~~~~~~~~~~~~~~~~~~~~~~~~~~~~~~~~~~~~~~~~~~~~~~~~~~~~~~~~~~~~~~~~~~~
../Core/Src/display.c: In function 'print_time_blink_hours':
../Core/Src/display.c:107:32: warning: '%02d' directive output may be truncated writing between 2 and 3 bytes into a region of size between 2 and 3 [-Wformat-truncation=]
  107 |   snprintf(buffer, 9, "  .%02d.%02d", new_minutes, new_seconds);
      |                                ^~~~
../Core/Src/display.c:107:23: note: directive argument in the range [0, 255]
  107 |   snprintf(buffer, 9, "  .%02d.%02d", new_minutes, new_seconds);
      |                       ^~~~~~~~~~~~~~
../Core/Src/display.c:107:3: note: 'snprintf' output between 9 and 11 bytes into a destination of size 9
  107 |   snprintf(buffer, 9, "  .%02d.%02d", new_minutes, new_seconds);
      |   ^~~~~~~~~~~~~~~~~~~~~~~~~~~~~~~~~~~~~~~~~~~~~~~~~~~~~~~~~~~~~
../Core/Src/display.c: In function 'print_time_blink_minutes':
../Core/Src/display.c:117:32: warning: '%02d' directive output may be truncated writing between 2 and 3 bytes into a region of size between 2 and 3 [-Wformat-truncation=]
  117 |   snprintf(buffer, 9, "%02d.  .%02d", new_hours, new_seconds);
      |                                ^~~~
../Core/Src/display.c:117:23: note: directive argument in the range [0, 255]
  117 |   snprintf(buffer, 9, "%02d.  .%02d", new_hours, new_seconds);
      |                       ^~~~~~~~~~~~~~
../Core/Src/display.c:117:3: note: 'snprintf' output between 9 and 11 bytes into a destination of size 9
  117 |   snprintf(buffer, 9, "%02d.  .%02d", new_hours, new_seconds);
      |   ^~~~~~~~~~~~~~~~~~~~~~~~~~~~~~~~~~~~~~~~~~~~~~~~~~~~~~~~~~~
../Core/Src/display.c: In function 'print_time_blink_seconds':
../Core/Src/display.c:127:33: warning: '.  ' directive output may be truncated writing 3 bytes into a region of size between 2 and 4 [-Wformat-truncation=]
  127 |   snprintf(buffer, 9, "%02d.%02d.  ", new_hours, new_minutes);
      |                                 ^~~
../Core/Src/display.c:127:3: note: 'snprintf' output between 9 and 11 bytes into a destination of size 9
  127 |   snprintf(buffer, 9, "%02d.%02d.  ", new_hours, new_minutes);
      |   ^~~~~~~~~~~~~~~~~~~~~~~~~~~~~~~~~~~~~~~~~~~~~~~~~~~~~~~~~~~
../Core/Src/menu.c: In function 'func_set_time':
../Core/Src/menu.c:42:18: warning: comparison with string literal results in unspecified behavior [-Waddress]
   42 |    if (menu.name == "SET SECS") {
      |                  ^~
../Core/Src/menu.c:48:18: warning: comparison with string literal results in unspecified behavior [-Waddress]
   48 |    if (menu.name == "SET MINS" || ovf_minutes) {
      |                  ^~
../Core/Src/menu.c:55:18: warning: comparison with string literal results in unspecified behavior [-Waddress]
   55 |    if (menu.name == "SET HOUR" || ovf_hours) {
      |                  ^~
../Core/Src/menu.c:68:18: warning: comparison with string literal results in unspecified behavior [-Waddress]
   68 |    if (menu.name == "SET SECS") {
      |                  ^~
../Core/Src/menu.c:74:18: warning: comparison with string literal results in unspecified behavior [-Waddress]
   74 |    if (menu.name == "SET MINS" || ovf_minutes) {
      |                  ^~
../Core/Src/menu.c:81:18: warning: comparison with string literal results in unspecified behavior [-Waddress]
   81 |    if (menu.name == "SET HOUR" || ovf_hours) {
      |                  ^~
../Core/Src/stm32l0xx_it.c: In function 'HAL_GPIO_EXTI_Callback':
../Core/Src/stm32l0xx_it.c:177:3: warning: implicit declaration of function 'SystemClock_Config'; did you mean 'SysTick_Config'? [-Wimplicit-function-declaration]
  177 |   SystemClock_Config();
      |   ^~~~~~~~~~~~~~~~~~
      |   SysTick_Config
arm-none-eabi-gcc "../Core/Src/syscalls.c" -mcpu=cortex-m0plus -std=gnu11 -DUSE_HAL_DRIVER -DSTM32L031xx -c -I../Core/Inc -I../Drivers/STM32L0xx_HAL_Driver/Inc -I../Drivers/STM32L0xx_HAL_Driver/Inc/Legacy -I../Drivers/CMSIS/Device/ST/STM32L0xx/Include -I../Drivers/CMSIS/Include -Os -ffunction-sections -fdata-sections -Wall -fstack-usage -MMD -MP -MF"Core/Src/syscalls.d" -MT"Core/Src/syscalls.o" --specs=nano.specs -mfloat-abi=soft -mthumb -o "Core/Src/syscalls.o"
arm-none-eabi-gcc "../Core/Src/sysmem.c" -mcpu=cortex-m0plus -std=gnu11 -DUSE_HAL_DRIVER -DSTM32L031xx -c -I../Core/Inc -I../Drivers/STM32L0xx_HAL_Driver/Inc -I../Drivers/STM32L0xx_HAL_Driver/Inc/Legacy -I../Drivers/CMSIS/Device/ST/STM32L0xx/Include -I../Drivers/CMSIS/Include -Os -ffunction-sections -fdata-sections -Wall -fstack-usage -MMD -MP -MF"Core/Src/sysmem.d" -MT"Core/Src/sysmem.o" --specs=nano.specs -mfloat-abi=soft -mthumb -o "Core/Src/sysmem.o"
arm-none-eabi-gcc "../Core/Src/system_stm32l0xx.c" -mcpu=cortex-m0plus -std=gnu11 -DUSE_HAL_DRIVER -DSTM32L031xx -c -I../Core/Inc -I../Drivers/STM32L0xx_HAL_Driver/Inc -I../Drivers/STM32L0xx_HAL_Driver/Inc/Legacy -I../Drivers/CMSIS/Device/ST/STM32L0xx/Include -I../Drivers/CMSIS/Include -Os -ffunction-sections -fdata-sections -Wall -fstack-usage -MMD -MP -MF"Core/Src/system_stm32l0xx.d" -MT"Core/Src/system_stm32l0xx.o" --specs=nano.specs -mfloat-abi=soft -mthumb -o "Core/Src/system_stm32l0xx.o"
arm-none-eabi-gcc -o "STM32Watch.elf" @"objects.list"   -mcpu=cortex-m0plus -T"/Users/anemiq/Projects/stm32watch/STM32Watch/STM32L031K6TX_FLASH.ld" --specs=nosys.specs -Wl,-Map="STM32Watch.map" -Wl,--gc-sections -static --specs=nano.specs -mfloat-abi=soft -mthumb -Wl,--start-group -lc -lm -Wl,--end-group
Finished building target: STM32Watch.elf
 
arm-none-eabi-size   STM32Watch.elf 
arm-none-eabi-objdump -h -S  STM32Watch.elf  > "STM32Watch.list"
   text	   data	    bss	    dec	    hex	filename
  18896	    124	   1908	  20928	   51c0	STM32Watch.elf
Finished building: default.size.stdout
 
Finished building: STM32Watch.list
 
23:22:31 **** Incremental Build of configuration Release for project STM32Watch ****
make -j7 all 
arm-none-eabi-gcc "../Core/Src/definitions.c" -mcpu=cortex-m0plus -std=gnu11 -DUSE_HAL_DRIVER -DSTM32L031xx -c -I../Core/Inc -I../Drivers/STM32L0xx_HAL_Driver/Inc -I../Drivers/STM32L0xx_HAL_Driver/Inc/Legacy -I../Drivers/CMSIS/Device/ST/STM32L0xx/Include -I../Drivers/CMSIS/Include -Os -ffunction-sections -fdata-sections -Wall -fstack-usage -MMD -MP -MF"Core/Src/definitions.d" -MT"Core/Src/definitions.o" --specs=nano.specs -mfloat-abi=soft -mthumb -o "Core/Src/definitions.o"
arm-none-eabi-gcc "../Core/Src/display.c" -mcpu=cortex-m0plus -std=gnu11 -DUSE_HAL_DRIVER -DSTM32L031xx -c -I../Core/Inc -I../Drivers/STM32L0xx_HAL_Driver/Inc -I../Drivers/STM32L0xx_HAL_Driver/Inc/Legacy -I../Drivers/CMSIS/Device/ST/STM32L0xx/Include -I../Drivers/CMSIS/Include -Os -ffunction-sections -fdata-sections -Wall -fstack-usage -MMD -MP -MF"Core/Src/display.d" -MT"Core/Src/display.o" --specs=nano.specs -mfloat-abi=soft -mthumb -o "Core/Src/display.o"
arm-none-eabi-gcc "../Core/Src/helpers.c" -mcpu=cortex-m0plus -std=gnu11 -DUSE_HAL_DRIVER -DSTM32L031xx -c -I../Core/Inc -I../Drivers/STM32L0xx_HAL_Driver/Inc -I../Drivers/STM32L0xx_HAL_Driver/Inc/Legacy -I../Drivers/CMSIS/Device/ST/STM32L0xx/Include -I../Drivers/CMSIS/Include -Os -ffunction-sections -fdata-sections -Wall -fstack-usage -MMD -MP -MF"Core/Src/helpers.d" -MT"Core/Src/helpers.o" --specs=nano.specs -mfloat-abi=soft -mthumb -o "Core/Src/helpers.o"
arm-none-eabi-gcc "../Core/Src/input.c" -mcpu=cortex-m0plus -std=gnu11 -DUSE_HAL_DRIVER -DSTM32L031xx -c -I../Core/Inc -I../Drivers/STM32L0xx_HAL_Driver/Inc -I../Drivers/STM32L0xx_HAL_Driver/Inc/Legacy -I../Drivers/CMSIS/Device/ST/STM32L0xx/Include -I../Drivers/CMSIS/Include -Os -ffunction-sections -fdata-sections -Wall -fstack-usage -MMD -MP -MF"Core/Src/input.d" -MT"Core/Src/input.o" --specs=nano.specs -mfloat-abi=soft -mthumb -o "Core/Src/input.o"
arm-none-eabi-gcc "../Core/Src/main.c" -mcpu=cortex-m0plus -std=gnu11 -DUSE_HAL_DRIVER -DSTM32L031xx -c -I../Core/Inc -I../Drivers/STM32L0xx_HAL_Driver/Inc -I../Drivers/STM32L0xx_HAL_Driver/Inc/Legacy -I../Drivers/CMSIS/Device/ST/STM32L0xx/Include -I../Drivers/CMSIS/Include -Os -ffunction-sections -fdata-sections -Wall -fstack-usage -MMD -MP -MF"Core/Src/main.d" -MT"Core/Src/main.o" --specs=nano.specs -mfloat-abi=soft -mthumb -o "Core/Src/main.o"
arm-none-eabi-gcc "../Core/Src/menu.c" -mcpu=cortex-m0plus -std=gnu11 -DUSE_HAL_DRIVER -DSTM32L031xx -c -I../Core/Inc -I../Drivers/STM32L0xx_HAL_Driver/Inc -I../Drivers/STM32L0xx_HAL_Driver/Inc/Legacy -I../Drivers/CMSIS/Device/ST/STM32L0xx/Include -I../Drivers/CMSIS/Include -Os -ffunction-sections -fdata-sections -Wall -fstack-usage -MMD -MP -MF"Core/Src/menu.d" -MT"Core/Src/menu.o" --specs=nano.specs -mfloat-abi=soft -mthumb -o "Core/Src/menu.o"
arm-none-eabi-gcc "../Core/Src/stm32l0xx_hal_msp.c" -mcpu=cortex-m0plus -std=gnu11 -DUSE_HAL_DRIVER -DSTM32L031xx -c -I../Core/Inc -I../Drivers/STM32L0xx_HAL_Driver/Inc -I../Drivers/STM32L0xx_HAL_Driver/Inc/Legacy -I../Drivers/CMSIS/Device/ST/STM32L0xx/Include -I../Drivers/CMSIS/Include -Os -ffunction-sections -fdata-sections -Wall -fstack-usage -MMD -MP -MF"Core/Src/stm32l0xx_hal_msp.d" -MT"Core/Src/stm32l0xx_hal_msp.o" --specs=nano.specs -mfloat-abi=soft -mthumb -o "Core/Src/stm32l0xx_hal_msp.o"
arm-none-eabi-gcc "../Core/Src/stm32l0xx_it.c" -mcpu=cortex-m0plus -std=gnu11 -DUSE_HAL_DRIVER -DSTM32L031xx -c -I../Core/Inc -I../Drivers/STM32L0xx_HAL_Driver/Inc -I../Drivers/STM32L0xx_HAL_Driver/Inc/Legacy -I../Drivers/CMSIS/Device/ST/STM32L0xx/Include -I../Drivers/CMSIS/Include -Os -ffunction-sections -fdata-sections -Wall -fstack-usage -MMD -MP -MF"Core/Src/stm32l0xx_it.d" -MT"Core/Src/stm32l0xx_it.o" --specs=nano.specs -mfloat-abi=soft -mthumb -o "Core/Src/stm32l0xx_it.o"
../Core/Src/menu.c: In function 'func_set_time':
../Core/Src/menu.c:42:18: warning: comparison with string literal results in unspecified behavior [-Waddress]
   42 |    if (menu.name == "SET SECS") {
      |                  ^~
../Core/Src/menu.c:48:18: warning: comparison with string literal results in unspecified behavior [-Waddress]
   48 |    if (menu.name == "SET MINS" || ovf_minutes) {
      |                  ^~
../Core/Src/menu.c:55:18: warning: comparison with string literal results in unspecified behavior [-Waddress]
   55 |    if (menu.name == "SET HOUR" || ovf_hours) {
      |                  ^~
../Core/Src/menu.c:68:18: warning: comparison with string literal results in unspecified behavior [-Waddress]
   68 |    if (menu.name == "SET SECS") {
      |                  ^~
../Core/Src/menu.c:74:18: warning: comparison with string literal results in unspecified behavior [-Waddress]
   74 |    if (menu.name == "SET MINS" || ovf_minutes) {
      |                  ^~
../Core/Src/menu.c:81:18: warning: comparison with string literal results in unspecified behavior [-Waddress]
   81 |    if (menu.name == "SET HOUR" || ovf_hours) {
      |                  ^~
../Core/Src/display.c: In function 'print_time':
../Core/Src/display.c:73:36: warning: ' ' directive output may be truncated writing 1 byte into a region of size between 0 and 2 [-Wformat-truncation=]
   73 |   snprintf(buffer, 9, "  %02d%c%02d ", hours, sec_dot, minutes);
      |                                    ^
../Core/Src/display.c:73:3: note: 'snprintf' output between 9 and 11 bytes into a destination of size 9
   73 |   snprintf(buffer, 9, "  %02d%c%02d ", hours, sec_dot, minutes);
      |   ^~~~~~~~~~~~~~~~~~~~~~~~~~~~~~~~~~~~~~~~~~~~~~~~~~~~~~~~~~~~~
../Core/Src/display.c:76:34: warning: '%02d' directive output may be truncated writing between 2 and 3 bytes into a region of size between 1 and 3 [-Wformat-truncation=]
   76 |   snprintf(buffer, 9, "%02d.%02d.%02d", hours, minutes, seconds);
      |                                  ^~~~
../Core/Src/display.c:76:23: note: directive argument in the range [0, 255]
   76 |   snprintf(buffer, 9, "%02d.%02d.%02d", hours, minutes, seconds);
      |                       ^~~~~~~~~~~~~~~~
../Core/Src/display.c:76:3: note: 'snprintf' output between 9 and 12 bytes into a destination of size 9
   76 |   snprintf(buffer, 9, "%02d.%02d.%02d", hours, minutes, seconds);
      |   ^~~~~~~~~~~~~~~~~~~~~~~~~~~~~~~~~~~~~~~~~~~~~~~~~~~~~~~~~~~~~~
../Core/Src/display.c: In function 'print_new_time':
../Core/Src/display.c:86:33: warning: '%02d' directive output may be truncated writing between 2 and 3 bytes into a region of size between 1 and 3 [-Wformat-truncation=]
   86 |  snprintf(buffer, 9, "%02d.%02d.%02d", new_hours, new_minutes, new_seconds);
      |                                 ^~~~
../Core/Src/display.c:86:22: note: directive argument in the range [0, 255]
   86 |  snprintf(buffer, 9, "%02d.%02d.%02d", new_hours, new_minutes, new_seconds);
      |                      ^~~~~~~~~~~~~~~~
../Core/Src/display.c:86:2: note: 'snprintf' output between 9 and 12 bytes into a destination of size 9
   86 |  snprintf(buffer, 9, "%02d.%02d.%02d", new_hours, new_minutes, new_seconds);
      |  ^~~~~~~~~~~~~~~~~~~~~~~~~~~~~~~~~~~~~~~~~~~~~~~~~~~~~~~~~~~~~~~~~~~~~~~~~~
../Core/Src/display.c: In function 'print_time_blink_hours':
../Core/Src/display.c:107:32: warning: '%02d' directive output may be truncated writing between 2 and 3 bytes into a region of size between 2 and 3 [-Wformat-truncation=]
  107 |   snprintf(buffer, 9, "  .%02d.%02d", new_minutes, new_seconds);
      |                                ^~~~
../Core/Src/display.c:107:23: note: directive argument in the range [0, 255]
  107 |   snprintf(buffer, 9, "  .%02d.%02d", new_minutes, new_seconds);
      |                       ^~~~~~~~~~~~~~
../Core/Src/display.c:107:3: note: 'snprintf' output between 9 and 11 bytes into a destination of size 9
  107 |   snprintf(buffer, 9, "  .%02d.%02d", new_minutes, new_seconds);
      |   ^~~~~~~~~~~~~~~~~~~~~~~~~~~~~~~~~~~~~~~~~~~~~~~~~~~~~~~~~~~~~
../Core/Src/display.c: In function 'print_time_blink_minutes':
../Core/Src/display.c:117:32: warning: '%02d' directive output may be truncated writing between 2 and 3 bytes into a region of size between 2 and 3 [-Wformat-truncation=]
  117 |   snprintf(buffer, 9, "%02d.  .%02d", new_hours, new_seconds);
      |                                ^~~~
../Core/Src/display.c:117:23: note: directive argument in the range [0, 255]
  117 |   snprintf(buffer, 9, "%02d.  .%02d", new_hours, new_seconds);
      |                       ^~~~~~~~~~~~~~
../Core/Src/display.c:117:3: note: 'snprintf' output between 9 and 11 bytes into a destination of size 9
  117 |   snprintf(buffer, 9, "%02d.  .%02d", new_hours, new_seconds);
      |   ^~~~~~~~~~~~~~~~~~~~~~~~~~~~~~~~~~~~~~~~~~~~~~~~~~~~~~~~~~~
../Core/Src/display.c: In function 'print_time_blink_seconds':
../Core/Src/display.c:127:33: warning: '.  ' directive output may be truncated writing 3 bytes into a region of size between 2 and 4 [-Wformat-truncation=]
  127 |   snprintf(buffer, 9, "%02d.%02d.  ", new_hours, new_minutes);
      |                                 ^~~
../Core/Src/display.c:127:3: note: 'snprintf' output between 9 and 11 bytes into a destination of size 9
  127 |   snprintf(buffer, 9, "%02d.%02d.  ", new_hours, new_minutes);
      |   ^~~~~~~~~~~~~~~~~~~~~~~~~~~~~~~~~~~~~~~~~~~~~~~~~~~~~~~~~~~
../Core/Src/stm32l0xx_it.c: In function 'HAL_GPIO_EXTI_Callback':
../Core/Src/stm32l0xx_it.c:177:3: warning: implicit declaration of function 'SystemClock_Config'; did you mean 'SysTick_Config'? [-Wimplicit-function-declaration]
  177 |   SystemClock_Config();
      |   ^~~~~~~~~~~~~~~~~~
      |   SysTick_Config
arm-none-eabi-gcc -o "STM32Watch.elf" @"objects.list"   -mcpu=cortex-m0plus -T"/Users/anemiq/Projects/stm32watch/STM32Watch/STM32L031K6TX_FLASH.ld" --specs=nosys.specs -Wl,-Map="STM32Watch.map" -Wl,--gc-sections -static --specs=nano.specs -mfloat-abi=soft -mthumb -Wl,--start-group -lc -lm -Wl,--end-group
Finished building target: STM32Watch.elf
 
arm-none-eabi-size   STM32Watch.elf 
arm-none-eabi-objdump -h -S  STM32Watch.elf  > "STM32Watch.list"
   text	   data	    bss	    dec	    hex	filename
  18896	    124	   1908	  20928	   51c0	STM32Watch.elf
Finished building: default.size.stdout
 
Finished building: STM32Watch.list
 
23:22:45 **** Incremental Build of configuration Release for project STM32Watch ****
make -j7 all 
arm-none-eabi-size   STM32Watch.elf 
   text	   data	    bss	    dec	    hex	filename
  18896	    124	   1908	  20928	   51c0	STM32Watch.elf
Finished building: default.size.stdout
 
23:23:10 **** Incremental Build of configuration Release for project STM32Watch ****
make -j7 all 
arm-none-eabi-size   STM32Watch.elf 
   text	   data	    bss	    dec	    hex	filename
  18896	    124	   1908	  20928	   51c0	STM32Watch.elf
Finished building: default.size.stdout
 
09:24:38 **** Incremental Build of configuration Release for project STM32Watch ****
make -j7 all 
arm-none-eabi-gcc "../Core/Src/definitions.c" -mcpu=cortex-m0plus -std=gnu11 -DUSE_HAL_DRIVER -DSTM32L031xx -c -I../Core/Inc -I../Drivers/STM32L0xx_HAL_Driver/Inc -I../Drivers/STM32L0xx_HAL_Driver/Inc/Legacy -I../Drivers/CMSIS/Device/ST/STM32L0xx/Include -I../Drivers/CMSIS/Include -Os -ffunction-sections -fdata-sections -Wall -fstack-usage -MMD -MP -MF"Core/Src/definitions.d" -MT"Core/Src/definitions.o" --specs=nano.specs -mfloat-abi=soft -mthumb -o "Core/Src/definitions.o"
arm-none-eabi-gcc "../Core/Src/display.c" -mcpu=cortex-m0plus -std=gnu11 -DUSE_HAL_DRIVER -DSTM32L031xx -c -I../Core/Inc -I../Drivers/STM32L0xx_HAL_Driver/Inc -I../Drivers/STM32L0xx_HAL_Driver/Inc/Legacy -I../Drivers/CMSIS/Device/ST/STM32L0xx/Include -I../Drivers/CMSIS/Include -Os -ffunction-sections -fdata-sections -Wall -fstack-usage -MMD -MP -MF"Core/Src/display.d" -MT"Core/Src/display.o" --specs=nano.specs -mfloat-abi=soft -mthumb -o "Core/Src/display.o"
arm-none-eabi-gcc "../Core/Src/helpers.c" -mcpu=cortex-m0plus -std=gnu11 -DUSE_HAL_DRIVER -DSTM32L031xx -c -I../Core/Inc -I../Drivers/STM32L0xx_HAL_Driver/Inc -I../Drivers/STM32L0xx_HAL_Driver/Inc/Legacy -I../Drivers/CMSIS/Device/ST/STM32L0xx/Include -I../Drivers/CMSIS/Include -Os -ffunction-sections -fdata-sections -Wall -fstack-usage -MMD -MP -MF"Core/Src/helpers.d" -MT"Core/Src/helpers.o" --specs=nano.specs -mfloat-abi=soft -mthumb -o "Core/Src/helpers.o"
arm-none-eabi-gcc "../Core/Src/input.c" -mcpu=cortex-m0plus -std=gnu11 -DUSE_HAL_DRIVER -DSTM32L031xx -c -I../Core/Inc -I../Drivers/STM32L0xx_HAL_Driver/Inc -I../Drivers/STM32L0xx_HAL_Driver/Inc/Legacy -I../Drivers/CMSIS/Device/ST/STM32L0xx/Include -I../Drivers/CMSIS/Include -Os -ffunction-sections -fdata-sections -Wall -fstack-usage -MMD -MP -MF"Core/Src/input.d" -MT"Core/Src/input.o" --specs=nano.specs -mfloat-abi=soft -mthumb -o "Core/Src/input.o"
arm-none-eabi-gcc "../Core/Src/main.c" -mcpu=cortex-m0plus -std=gnu11 -DUSE_HAL_DRIVER -DSTM32L031xx -c -I../Core/Inc -I../Drivers/STM32L0xx_HAL_Driver/Inc -I../Drivers/STM32L0xx_HAL_Driver/Inc/Legacy -I../Drivers/CMSIS/Device/ST/STM32L0xx/Include -I../Drivers/CMSIS/Include -Os -ffunction-sections -fdata-sections -Wall -fstack-usage -MMD -MP -MF"Core/Src/main.d" -MT"Core/Src/main.o" --specs=nano.specs -mfloat-abi=soft -mthumb -o "Core/Src/main.o"
arm-none-eabi-gcc "../Core/Src/menu.c" -mcpu=cortex-m0plus -std=gnu11 -DUSE_HAL_DRIVER -DSTM32L031xx -c -I../Core/Inc -I../Drivers/STM32L0xx_HAL_Driver/Inc -I../Drivers/STM32L0xx_HAL_Driver/Inc/Legacy -I../Drivers/CMSIS/Device/ST/STM32L0xx/Include -I../Drivers/CMSIS/Include -Os -ffunction-sections -fdata-sections -Wall -fstack-usage -MMD -MP -MF"Core/Src/menu.d" -MT"Core/Src/menu.o" --specs=nano.specs -mfloat-abi=soft -mthumb -o "Core/Src/menu.o"
arm-none-eabi-gcc "../Core/Src/stm32l0xx_hal_msp.c" -mcpu=cortex-m0plus -std=gnu11 -DUSE_HAL_DRIVER -DSTM32L031xx -c -I../Core/Inc -I../Drivers/STM32L0xx_HAL_Driver/Inc -I../Drivers/STM32L0xx_HAL_Driver/Inc/Legacy -I../Drivers/CMSIS/Device/ST/STM32L0xx/Include -I../Drivers/CMSIS/Include -Os -ffunction-sections -fdata-sections -Wall -fstack-usage -MMD -MP -MF"Core/Src/stm32l0xx_hal_msp.d" -MT"Core/Src/stm32l0xx_hal_msp.o" --specs=nano.specs -mfloat-abi=soft -mthumb -o "Core/Src/stm32l0xx_hal_msp.o"
../Core/Src/menu.c: In function 'func_set_time':
../Core/Src/menu.c:42:18: warning: comparison with string literal results in unspecified behavior [-Waddress]
   42 |    if (menu.name == "SET SECS") {
      |                  ^~
../Core/Src/menu.c:48:18: warning: comparison with string literal results in unspecified behavior [-Waddress]
   48 |    if (menu.name == "SET MINS" || ovf_minutes) {
      |                  ^~
../Core/Src/menu.c:55:18: warning: comparison with string literal results in unspecified behavior [-Waddress]
   55 |    if (menu.name == "SET HOUR" || ovf_hours) {
      |                  ^~
../Core/Src/menu.c:68:18: warning: comparison with string literal results in unspecified behavior [-Waddress]
arm-none-eabi-gcc "../Core/Src/stm32l0xx_it.c" -mcpu=cortex-m0plus -std=gnu11 -DUSE_HAL_DRIVER -DSTM32L031xx -c -I../Core/Inc -I../Drivers/STM32L0xx_HAL_Driver/Inc -I../Drivers/STM32L0xx_HAL_Driver/Inc/Legacy -I../Drivers/CMSIS/Device/ST/STM32L0xx/Include -I../Drivers/CMSIS/Include -Os -ffunction-sections -fdata-sections -Wall -fstack-usage -MMD -MP -MF"Core/Src/stm32l0xx_it.d" -MT"Core/Src/stm32l0xx_it.o" --specs=nano.specs -mfloat-abi=soft -mthumb -o "Core/Src/stm32l0xx_it.o"
   68 |    if (menu.name == "SET SECS") {
      |                  ^~
../Core/Src/menu.c:74:18: warning: comparison with string literal results in unspecified behavior [-Waddress]
   74 |    if (menu.name == "SET MINS" || ovf_minutes) {
      |                  ^~
../Core/Src/menu.c:81:18: warning: comparison with string literal results in unspecified behavior [-Waddress]
   81 |    if (menu.name == "SET HOUR" || ovf_hours) {
      |                  ^~
../Core/Src/display.c: In function 'print_time':
../Core/Src/display.c:73:36: warning: ' ' directive output may be truncated writing 1 byte into a region of size between 0 and 2 [-Wformat-truncation=]
   73 |   snprintf(buffer, 9, "  %02d%c%02d ", hours, sec_dot, minutes);
      |                                    ^
../Core/Src/display.c:73:3: note: 'snprintf' output between 9 and 11 bytes into a destination of size 9
   73 |   snprintf(buffer, 9, "  %02d%c%02d ", hours, sec_dot, minutes);
      |   ^~~~~~~~~~~~~~~~~~~~~~~~~~~~~~~~~~~~~~~~~~~~~~~~~~~~~~~~~~~~~
../Core/Src/display.c:76:34: warning: '%02d' directive output may be truncated writing between 2 and 3 bytes into a region of size between 1 and 3 [-Wformat-truncation=]
   76 |   snprintf(buffer, 9, "%02d.%02d.%02d", hours, minutes, seconds);
      |                                  ^~~~
../Core/Src/display.c:76:23: note: directive argument in the range [0, 255]
   76 |   snprintf(buffer, 9, "%02d.%02d.%02d", hours, minutes, seconds);
      |                       ^~~~~~~~~~~~~~~~
../Core/Src/display.c:76:3: note: 'snprintf' output between 9 and 12 bytes into a destination of size 9
   76 |   snprintf(buffer, 9, "%02d.%02d.%02d", hours, minutes, seconds);
      |   ^~~~~~~~~~~~~~~~~~~~~~~~~~~~~~~~~~~~~~~~~~~~~~~~~~~~~~~~~~~~~~
../Core/Src/display.c: In function 'print_new_time':
../Core/Src/display.c:86:33: warning: '%02d' directive output may be truncated writing between 2 and 3 bytes into a region of size between 1 and 3 [-Wformat-truncation=]
   86 |  snprintf(buffer, 9, "%02d.%02d.%02d", new_hours, new_minutes, new_seconds);
      |                                 ^~~~
../Core/Src/display.c:86:22: note: directive argument in the range [0, 255]
   86 |  snprintf(buffer, 9, "%02d.%02d.%02d", new_hours, new_minutes, new_seconds);
      |                      ^~~~~~~~~~~~~~~~
../Core/Src/display.c:86:2: note: 'snprintf' output between 9 and 12 bytes into a destination of size 9
   86 |  snprintf(buffer, 9, "%02d.%02d.%02d", new_hours, new_minutes, new_seconds);
      |  ^~~~~~~~~~~~~~~~~~~~~~~~~~~~~~~~~~~~~~~~~~~~~~~~~~~~~~~~~~~~~~~~~~~~~~~~~~
../Core/Src/display.c: In function 'print_time_blink_hours':
../Core/Src/display.c:107:32: warning: '%02d' directive output may be truncated writing between 2 and 3 bytes into a region of size between 2 and 3 [-Wformat-truncation=]
  107 |   snprintf(buffer, 9, "  .%02d.%02d", new_minutes, new_seconds);
      |                                ^~~~
../Core/Src/display.c:107:23: note: directive argument in the range [0, 255]
  107 |   snprintf(buffer, 9, "  .%02d.%02d", new_minutes, new_seconds);
      |                       ^~~~~~~~~~~~~~
../Core/Src/display.c:107:3: note: 'snprintf' output between 9 and 11 bytes into a destination of size 9
  107 |   snprintf(buffer, 9, "  .%02d.%02d", new_minutes, new_seconds);
      |   ^~~~~~~~~~~~~~~~~~~~~~~~~~~~~~~~~~~~~~~~~~~~~~~~~~~~~~~~~~~~~
../Core/Src/display.c: In function 'print_time_blink_minutes':
../Core/Src/display.c:117:32: warning: '%02d' directive output may be truncated writing between 2 and 3 bytes into a region of size between 2 and 3 [-Wformat-truncation=]
  117 |   snprintf(buffer, 9, "%02d.  .%02d", new_hours, new_seconds);
      |                                ^~~~
../Core/Src/display.c:117:23: note: directive argument in the range [0, 255]
  117 |   snprintf(buffer, 9, "%02d.  .%02d", new_hours, new_seconds);
      |                       ^~~~~~~~~~~~~~
../Core/Src/display.c:117:3: note: 'snprintf' output between 9 and 11 bytes into a destination of size 9
  117 |   snprintf(buffer, 9, "%02d.  .%02d", new_hours, new_seconds);
      |   ^~~~~~~~~~~~~~~~~~~~~~~~~~~~~~~~~~~~~~~~~~~~~~~~~~~~~~~~~~~
../Core/Src/display.c: In function 'print_time_blink_seconds':
../Core/Src/display.c:127:33: warning: '.  ' directive output may be truncated writing 3 bytes into a region of size between 2 and 4 [-Wformat-truncation=]
  127 |   snprintf(buffer, 9, "%02d.%02d.  ", new_hours, new_minutes);
      |                                 ^~~
../Core/Src/display.c:127:3: note: 'snprintf' output between 9 and 11 bytes into a destination of size 9
  127 |   snprintf(buffer, 9, "%02d.%02d.  ", new_hours, new_minutes);
      |   ^~~~~~~~~~~~~~~~~~~~~~~~~~~~~~~~~~~~~~~~~~~~~~~~~~~~~~~~~~~
../Core/Src/stm32l0xx_it.c: In function 'HAL_GPIO_EXTI_Callback':
../Core/Src/stm32l0xx_it.c:177:3: warning: implicit declaration of function 'SystemClock_Config'; did you mean 'SysTick_Config'? [-Wimplicit-function-declaration]
  177 |   SystemClock_Config();
      |   ^~~~~~~~~~~~~~~~~~
      |   SysTick_Config
arm-none-eabi-gcc -o "STM32Watch.elf" @"objects.list"   -mcpu=cortex-m0plus -T"/Users/anemiq/Projects/stm32watch/STM32Watch/STM32L031K6TX_FLASH.ld" --specs=nosys.specs -Wl,-Map="STM32Watch.map" -Wl,--gc-sections -static --specs=nano.specs -mfloat-abi=soft -mthumb -Wl,--start-group -lc -lm -Wl,--end-group
Finished building target: STM32Watch.elf
 
arm-none-eabi-size   STM32Watch.elf 
arm-none-eabi-objdump -h -S  STM32Watch.elf  > "STM32Watch.list"
   text	   data	    bss	    dec	    hex	filename
  18920	    124	   1908	  20952	   51d8	STM32Watch.elf
Finished building: default.size.stdout
 
Finished building: STM32Watch.list
 
10:01:43 **** Incremental Build of configuration Release for project STM32Watch ****
make -j7 all 
arm-none-eabi-gcc "../Core/Src/menu.c" -mcpu=cortex-m0plus -std=gnu11 -DUSE_HAL_DRIVER -DSTM32L031xx -c -I../Core/Inc -I../Drivers/STM32L0xx_HAL_Driver/Inc -I../Drivers/STM32L0xx_HAL_Driver/Inc/Legacy -I../Drivers/CMSIS/Device/ST/STM32L0xx/Include -I../Drivers/CMSIS/Include -Os -ffunction-sections -fdata-sections -Wall -fstack-usage -MMD -MP -MF"Core/Src/menu.d" -MT"Core/Src/menu.o" --specs=nano.specs -mfloat-abi=soft -mthumb -o "Core/Src/menu.o"
../Core/Src/menu.c: In function 'func_set_time':
../Core/Src/menu.c:42:18: warning: comparison with string literal results in unspecified behavior [-Waddress]
   42 |    if (menu.name == "SET SECS") {
      |                  ^~
../Core/Src/menu.c:48:18: warning: comparison with string literal results in unspecified behavior [-Waddress]
   48 |    if (menu.name == "SET MINS" || ovf_minutes) {
      |                  ^~
../Core/Src/menu.c:55:18: warning: comparison with string literal results in unspecified behavior [-Waddress]
   55 |    if (menu.name == "SET HOUR" || ovf_hours) {
      |                  ^~
../Core/Src/menu.c:68:18: warning: comparison with string literal results in unspecified behavior [-Waddress]
   68 |    if (menu.name == "SET SECS") {
      |                  ^~
../Core/Src/menu.c:74:18: warning: comparison with string literal results in unspecified behavior [-Waddress]
   74 |    if (menu.name == "SET MINS" || ovf_minutes) {
      |                  ^~
../Core/Src/menu.c:81:18: warning: comparison with string literal results in unspecified behavior [-Waddress]
   81 |    if (menu.name == "SET HOUR" || ovf_hours) {
      |                  ^~
arm-none-eabi-gcc -o "STM32Watch.elf" @"objects.list"   -mcpu=cortex-m0plus -T"/Users/anemiq/Projects/stm32watch/STM32Watch/STM32L031K6TX_FLASH.ld" --specs=nosys.specs -Wl,-Map="STM32Watch.map" -Wl,--gc-sections -static --specs=nano.specs -mfloat-abi=soft -mthumb -Wl,--start-group -lc -lm -Wl,--end-group
Finished building target: STM32Watch.elf
 
arm-none-eabi-size   STM32Watch.elf 
arm-none-eabi-objdump -h -S  STM32Watch.elf  > "STM32Watch.list"
   text	   data	    bss	    dec	    hex	filename
  19020	    124	   1908	  21052	   523c	STM32Watch.elf
Finished building: default.size.stdout
 
Finished building: STM32Watch.list
 
10:05:38 **** Incremental Build of configuration Release for project STM32Watch ****
make -j7 all 
arm-none-eabi-gcc "../Core/Src/definitions.c" -mcpu=cortex-m0plus -std=gnu11 -DUSE_HAL_DRIVER -DSTM32L031xx -c -I../Core/Inc -I../Drivers/STM32L0xx_HAL_Driver/Inc -I../Drivers/STM32L0xx_HAL_Driver/Inc/Legacy -I../Drivers/CMSIS/Device/ST/STM32L0xx/Include -I../Drivers/CMSIS/Include -Os -ffunction-sections -fdata-sections -Wall -fstack-usage -MMD -MP -MF"Core/Src/definitions.d" -MT"Core/Src/definitions.o" --specs=nano.specs -mfloat-abi=soft -mthumb -o "Core/Src/definitions.o"
arm-none-eabi-gcc "../Core/Src/display.c" -mcpu=cortex-m0plus -std=gnu11 -DUSE_HAL_DRIVER -DSTM32L031xx -c -I../Core/Inc -I../Drivers/STM32L0xx_HAL_Driver/Inc -I../Drivers/STM32L0xx_HAL_Driver/Inc/Legacy -I../Drivers/CMSIS/Device/ST/STM32L0xx/Include -I../Drivers/CMSIS/Include -Os -ffunction-sections -fdata-sections -Wall -fstack-usage -MMD -MP -MF"Core/Src/display.d" -MT"Core/Src/display.o" --specs=nano.specs -mfloat-abi=soft -mthumb -o "Core/Src/display.o"
arm-none-eabi-gcc "../Core/Src/helpers.c" -mcpu=cortex-m0plus -std=gnu11 -DUSE_HAL_DRIVER -DSTM32L031xx -c -I../Core/Inc -I../Drivers/STM32L0xx_HAL_Driver/Inc -I../Drivers/STM32L0xx_HAL_Driver/Inc/Legacy -I../Drivers/CMSIS/Device/ST/STM32L0xx/Include -I../Drivers/CMSIS/Include -Os -ffunction-sections -fdata-sections -Wall -fstack-usage -MMD -MP -MF"Core/Src/helpers.d" -MT"Core/Src/helpers.o" --specs=nano.specs -mfloat-abi=soft -mthumb -o "Core/Src/helpers.o"
arm-none-eabi-gcc "../Core/Src/input.c" -mcpu=cortex-m0plus -std=gnu11 -DUSE_HAL_DRIVER -DSTM32L031xx -c -I../Core/Inc -I../Drivers/STM32L0xx_HAL_Driver/Inc -I../Drivers/STM32L0xx_HAL_Driver/Inc/Legacy -I../Drivers/CMSIS/Device/ST/STM32L0xx/Include -I../Drivers/CMSIS/Include -Os -ffunction-sections -fdata-sections -Wall -fstack-usage -MMD -MP -MF"Core/Src/input.d" -MT"Core/Src/input.o" --specs=nano.specs -mfloat-abi=soft -mthumb -o "Core/Src/input.o"
arm-none-eabi-gcc "../Core/Src/main.c" -mcpu=cortex-m0plus -std=gnu11 -DUSE_HAL_DRIVER -DSTM32L031xx -c -I../Core/Inc -I../Drivers/STM32L0xx_HAL_Driver/Inc -I../Drivers/STM32L0xx_HAL_Driver/Inc/Legacy -I../Drivers/CMSIS/Device/ST/STM32L0xx/Include -I../Drivers/CMSIS/Include -Os -ffunction-sections -fdata-sections -Wall -fstack-usage -MMD -MP -MF"Core/Src/main.d" -MT"Core/Src/main.o" --specs=nano.specs -mfloat-abi=soft -mthumb -o "Core/Src/main.o"
arm-none-eabi-gcc "../Core/Src/menu.c" -mcpu=cortex-m0plus -std=gnu11 -DUSE_HAL_DRIVER -DSTM32L031xx -c -I../Core/Inc -I../Drivers/STM32L0xx_HAL_Driver/Inc -I../Drivers/STM32L0xx_HAL_Driver/Inc/Legacy -I../Drivers/CMSIS/Device/ST/STM32L0xx/Include -I../Drivers/CMSIS/Include -Os -ffunction-sections -fdata-sections -Wall -fstack-usage -MMD -MP -MF"Core/Src/menu.d" -MT"Core/Src/menu.o" --specs=nano.specs -mfloat-abi=soft -mthumb -o "Core/Src/menu.o"
arm-none-eabi-gcc "../Core/Src/stm32l0xx_hal_msp.c" -mcpu=cortex-m0plus -std=gnu11 -DUSE_HAL_DRIVER -DSTM32L031xx -c -I../Core/Inc -I../Drivers/STM32L0xx_HAL_Driver/Inc -I../Drivers/STM32L0xx_HAL_Driver/Inc/Legacy -I../Drivers/CMSIS/Device/ST/STM32L0xx/Include -I../Drivers/CMSIS/Include -Os -ffunction-sections -fdata-sections -Wall -fstack-usage -MMD -MP -MF"Core/Src/stm32l0xx_hal_msp.d" -MT"Core/Src/stm32l0xx_hal_msp.o" --specs=nano.specs -mfloat-abi=soft -mthumb -o "Core/Src/stm32l0xx_hal_msp.o"
arm-none-eabi-gcc "../Core/Src/stm32l0xx_it.c" -mcpu=cortex-m0plus -std=gnu11 -DUSE_HAL_DRIVER -DSTM32L031xx -c -I../Core/Inc -I../Drivers/STM32L0xx_HAL_Driver/Inc -I../Drivers/STM32L0xx_HAL_Driver/Inc/Legacy -I../Drivers/CMSIS/Device/ST/STM32L0xx/Include -I../Drivers/CMSIS/Include -Os -ffunction-sections -fdata-sections -Wall -fstack-usage -MMD -MP -MF"Core/Src/stm32l0xx_it.d" -MT"Core/Src/stm32l0xx_it.o" --specs=nano.specs -mfloat-abi=soft -mthumb -o "Core/Src/stm32l0xx_it.o"
../Core/Src/menu.c: In function 'func_set_time':
../Core/Src/menu.c:42:18: warning: comparison with string literal results in unspecified behavior [-Waddress]
   42 |    if (menu.name == "SET SECS") {
      |                  ^~
../Core/Src/menu.c:48:18: warning: comparison with string literal results in unspecified behavior [-Waddress]
   48 |    if (menu.name == "SET MINS" || ovf_minutes) {
      |                  ^~
../Core/Src/menu.c:55:18: warning: comparison with string literal results in unspecified behavior [-Waddress]
   55 |    if (menu.name == "SET HOUR" || ovf_hours) {
      |                  ^~
../Core/Src/menu.c:68:18: warning: comparison with string literal results in unspecified behavior [-Waddress]
   68 |    if (menu.name == "SET SECS") {
      |                  ^~
../Core/Src/menu.c:74:18: warning: comparison with string literal results in unspecified behavior [-Waddress]
   74 |    if (menu.name == "SET MINS" || ovf_minutes) {
      |                  ^~
../Core/Src/menu.c:81:18: warning: comparison with string literal results in unspecified behavior [-Waddress]
   81 |    if (menu.name == "SET HOUR" || ovf_hours) {
      |                  ^~
../Core/Src/display.c: In function 'print_time':
../Core/Src/display.c:73:36: warning: ' ' directive output may be truncated writing 1 byte into a region of size between 0 and 2 [-Wformat-truncation=]
   73 |   snprintf(buffer, 9, "  %02d%c%02d ", hours, sec_dot, minutes);
      |                                    ^
../Core/Src/display.c:73:3: note: 'snprintf' output between 9 and 11 bytes into a destination of size 9
   73 |   snprintf(buffer, 9, "  %02d%c%02d ", hours, sec_dot, minutes);
      |   ^~~~~~~~~~~~~~~~~~~~~~~~~~~~~~~~~~~~~~~~~~~~~~~~~~~~~~~~~~~~~
../Core/Src/display.c:76:34: warning: '%02d' directive output may be truncated writing between 2 and 3 bytes into a region of size between 1 and 3 [-Wformat-truncation=]
   76 |   snprintf(buffer, 9, "%02d.%02d.%02d", hours, minutes, seconds);
      |                                  ^~~~
../Core/Src/display.c:76:23: note: directive argument in the range [0, 255]
   76 |   snprintf(buffer, 9, "%02d.%02d.%02d", hours, minutes, seconds);
      |                       ^~~~~~~~~~~~~~~~
../Core/Src/display.c:76:3: note: 'snprintf' output between 9 and 12 bytes into a destination of size 9
   76 |   snprintf(buffer, 9, "%02d.%02d.%02d", hours, minutes, seconds);
      |   ^~~~~~~~~~~~~~~~~~~~~~~~~~~~~~~~~~~~~~~~~~~~~~~~~~~~~~~~~~~~~~
../Core/Src/display.c: In function 'print_new_time':
../Core/Src/display.c:86:33: warning: '%02d' directive output may be truncated writing between 2 and 3 bytes into a region of size between 1 and 3 [-Wformat-truncation=]
   86 |  snprintf(buffer, 9, "%02d.%02d.%02d", new_hours, new_minutes, new_seconds);
      |                                 ^~~~
../Core/Src/display.c:86:22: note: directive argument in the range [0, 255]
   86 |  snprintf(buffer, 9, "%02d.%02d.%02d", new_hours, new_minutes, new_seconds);
      |                      ^~~~~~~~~~~~~~~~
../Core/Src/display.c:86:2: note: 'snprintf' output between 9 and 12 bytes into a destination of size 9
   86 |  snprintf(buffer, 9, "%02d.%02d.%02d", new_hours, new_minutes, new_seconds);
      |  ^~~~~~~~~~~~~~~~~~~~~~~~~~~~~~~~~~~~~~~~~~~~~~~~~~~~~~~~~~~~~~~~~~~~~~~~~~
../Core/Src/display.c: In function 'print_time_blink_hours':
../Core/Src/display.c:107:32: warning: '%02d' directive output may be truncated writing between 2 and 3 bytes into a region of size between 2 and 3 [-Wformat-truncation=]
  107 |   snprintf(buffer, 9, "  .%02d.%02d", new_minutes, new_seconds);
      |                                ^~~~
../Core/Src/display.c:107:23: note: directive argument in the range [0, 255]
  107 |   snprintf(buffer, 9, "  .%02d.%02d", new_minutes, new_seconds);
      |                       ^~~~~~~~~~~~~~
../Core/Src/display.c:107:3: note: 'snprintf' output between 9 and 11 bytes into a destination of size 9
  107 |   snprintf(buffer, 9, "  .%02d.%02d", new_minutes, new_seconds);
      |   ^~~~~~~~~~~~~~~~~~~~~~~~~~~~~~~~~~~~~~~~~~~~~~~~~~~~~~~~~~~~~
../Core/Src/display.c: In function 'print_time_blink_minutes':
../Core/Src/display.c:117:32: warning: '%02d' directive output may be truncated writing between 2 and 3 bytes into a region of size between 2 and 3 [-Wformat-truncation=]
  117 |   snprintf(buffer, 9, "%02d.  .%02d", new_hours, new_seconds);
      |                                ^~~~
../Core/Src/display.c:117:23: note: directive argument in the range [0, 255]
  117 |   snprintf(buffer, 9, "%02d.  .%02d", new_hours, new_seconds);
      |                       ^~~~~~~~~~~~~~
../Core/Src/display.c:117:3: note: 'snprintf' output between 9 and 11 bytes into a destination of size 9
  117 |   snprintf(buffer, 9, "%02d.  .%02d", new_hours, new_seconds);
      |   ^~~~~~~~~~~~~~~~~~~~~~~~~~~~~~~~~~~~~~~~~~~~~~~~~~~~~~~~~~~
../Core/Src/display.c: In function 'print_time_blink_seconds':
../Core/Src/display.c:127:33: warning: '.  ' directive output may be truncated writing 3 bytes into a region of size between 2 and 4 [-Wformat-truncation=]
  127 |   snprintf(buffer, 9, "%02d.%02d.  ", new_hours, new_minutes);
      |                                 ^~~
../Core/Src/display.c:127:3: note: 'snprintf' output between 9 and 11 bytes into a destination of size 9
  127 |   snprintf(buffer, 9, "%02d.%02d.  ", new_hours, new_minutes);
      |   ^~~~~~~~~~~~~~~~~~~~~~~~~~~~~~~~~~~~~~~~~~~~~~~~~~~~~~~~~~~
../Core/Src/stm32l0xx_it.c: In function 'HAL_GPIO_EXTI_Callback':
../Core/Src/stm32l0xx_it.c:177:3: warning: implicit declaration of function 'SystemClock_Config'; did you mean 'SysTick_Config'? [-Wimplicit-function-declaration]
  177 |   SystemClock_Config();
      |   ^~~~~~~~~~~~~~~~~~
      |   SysTick_Config
arm-none-eabi-gcc -o "STM32Watch.elf" @"objects.list"   -mcpu=cortex-m0plus -T"/Users/anemiq/Projects/stm32watch/STM32Watch/STM32L031K6TX_FLASH.ld" --specs=nosys.specs -Wl,-Map="STM32Watch.map" -Wl,--gc-sections -static --specs=nano.specs -mfloat-abi=soft -mthumb -Wl,--start-group -lc -lm -Wl,--end-group
Finished building target: STM32Watch.elf
 
arm-none-eabi-size   STM32Watch.elf 
arm-none-eabi-objdump -h -S  STM32Watch.elf  > "STM32Watch.list"
   text	   data	    bss	    dec	    hex	filename
  19020	    124	   1908	  21052	   523c	STM32Watch.elf
Finished building: default.size.stdout
 
Finished building: STM32Watch.list
 
10:05:47 **** Incremental Build of configuration Release for project STM32Watch ****
make -j7 all 
arm-none-eabi-size   STM32Watch.elf 
   text	   data	    bss	    dec	    hex	filename
  19020	    124	   1908	  21052	   523c	STM32Watch.elf
Finished building: default.size.stdout
 
10:18:48 **** Incremental Build of configuration Release for project STM32Watch ****
make -j7 all 
arm-none-eabi-gcc "../Core/Src/definitions.c" -mcpu=cortex-m0plus -std=gnu11 -DUSE_HAL_DRIVER -DSTM32L031xx -c -I../Core/Inc -I../Drivers/STM32L0xx_HAL_Driver/Inc -I../Drivers/STM32L0xx_HAL_Driver/Inc/Legacy -I../Drivers/CMSIS/Device/ST/STM32L0xx/Include -I../Drivers/CMSIS/Include -Os -ffunction-sections -fdata-sections -Wall -fstack-usage -MMD -MP -MF"Core/Src/definitions.d" -MT"Core/Src/definitions.o" --specs=nano.specs -mfloat-abi=soft -mthumb -o "Core/Src/definitions.o"
arm-none-eabi-gcc "../Core/Src/display.c" -mcpu=cortex-m0plus -std=gnu11 -DUSE_HAL_DRIVER -DSTM32L031xx -c -I../Core/Inc -I../Drivers/STM32L0xx_HAL_Driver/Inc -I../Drivers/STM32L0xx_HAL_Driver/Inc/Legacy -I../Drivers/CMSIS/Device/ST/STM32L0xx/Include -I../Drivers/CMSIS/Include -Os -ffunction-sections -fdata-sections -Wall -fstack-usage -MMD -MP -MF"Core/Src/display.d" -MT"Core/Src/display.o" --specs=nano.specs -mfloat-abi=soft -mthumb -o "Core/Src/display.o"
arm-none-eabi-gcc "../Core/Src/helpers.c" -mcpu=cortex-m0plus -std=gnu11 -DUSE_HAL_DRIVER -DSTM32L031xx -c -I../Core/Inc -I../Drivers/STM32L0xx_HAL_Driver/Inc -I../Drivers/STM32L0xx_HAL_Driver/Inc/Legacy -I../Drivers/CMSIS/Device/ST/STM32L0xx/Include -I../Drivers/CMSIS/Include -Os -ffunction-sections -fdata-sections -Wall -fstack-usage -MMD -MP -MF"Core/Src/helpers.d" -MT"Core/Src/helpers.o" --specs=nano.specs -mfloat-abi=soft -mthumb -o "Core/Src/helpers.o"
arm-none-eabi-gcc "../Core/Src/input.c" -mcpu=cortex-m0plus -std=gnu11 -DUSE_HAL_DRIVER -DSTM32L031xx -c -I../Core/Inc -I../Drivers/STM32L0xx_HAL_Driver/Inc -I../Drivers/STM32L0xx_HAL_Driver/Inc/Legacy -I../Drivers/CMSIS/Device/ST/STM32L0xx/Include -I../Drivers/CMSIS/Include -Os -ffunction-sections -fdata-sections -Wall -fstack-usage -MMD -MP -MF"Core/Src/input.d" -MT"Core/Src/input.o" --specs=nano.specs -mfloat-abi=soft -mthumb -o "Core/Src/input.o"
arm-none-eabi-gcc "../Core/Src/main.c" -mcpu=cortex-m0plus -std=gnu11 -DUSE_HAL_DRIVER -DSTM32L031xx -c -I../Core/Inc -I../Drivers/STM32L0xx_HAL_Driver/Inc -I../Drivers/STM32L0xx_HAL_Driver/Inc/Legacy -I../Drivers/CMSIS/Device/ST/STM32L0xx/Include -I../Drivers/CMSIS/Include -Os -ffunction-sections -fdata-sections -Wall -fstack-usage -MMD -MP -MF"Core/Src/main.d" -MT"Core/Src/main.o" --specs=nano.specs -mfloat-abi=soft -mthumb -o "Core/Src/main.o"
arm-none-eabi-gcc "../Core/Src/menu.c" -mcpu=cortex-m0plus -std=gnu11 -DUSE_HAL_DRIVER -DSTM32L031xx -c -I../Core/Inc -I../Drivers/STM32L0xx_HAL_Driver/Inc -I../Drivers/STM32L0xx_HAL_Driver/Inc/Legacy -I../Drivers/CMSIS/Device/ST/STM32L0xx/Include -I../Drivers/CMSIS/Include -Os -ffunction-sections -fdata-sections -Wall -fstack-usage -MMD -MP -MF"Core/Src/menu.d" -MT"Core/Src/menu.o" --specs=nano.specs -mfloat-abi=soft -mthumb -o "Core/Src/menu.o"
arm-none-eabi-gcc "../Core/Src/stm32l0xx_hal_msp.c" -mcpu=cortex-m0plus -std=gnu11 -DUSE_HAL_DRIVER -DSTM32L031xx -c -I../Core/Inc -I../Drivers/STM32L0xx_HAL_Driver/Inc -I../Drivers/STM32L0xx_HAL_Driver/Inc/Legacy -I../Drivers/CMSIS/Device/ST/STM32L0xx/Include -I../Drivers/CMSIS/Include -Os -ffunction-sections -fdata-sections -Wall -fstack-usage -MMD -MP -MF"Core/Src/stm32l0xx_hal_msp.d" -MT"Core/Src/stm32l0xx_hal_msp.o" --specs=nano.specs -mfloat-abi=soft -mthumb -o "Core/Src/stm32l0xx_hal_msp.o"
../Core/Src/main.c: In function 'main':
../Core/Src/main.c:147:54: error: 'sleept_timeout_s' undeclared (first use in this function); did you mean 'sleep_timeout_s'?
  147 |   if (sleep_timeout_counter < sleep_timeout_s * 2 || sleept_timeout_s == 0) {
      |                                                      ^~~~~~~~~~~~~~~~
      |                                                      sleep_timeout_s
../Core/Src/main.c:147:54: note: each undeclared identifier is reported only once for each function it appears in
../Core/Src/menu.c: In function 'func_set_time':
../Core/Src/menu.c:48:18: warning: comparison with string literal results in unspecified behavior [-Waddress]
   48 |    if (menu.name == "SET SECS") {
      |                  ^~
../Core/Src/menu.c:54:18: warning: comparison with string literal results in unspecified behavior [-Waddress]
   54 |    if (menu.name == "SET MINS" || ovf_minutes) {
      |                  ^~
../Core/Src/menu.c:61:18: warning: comparison with string literal results in unspecified behavior [-Waddress]
   61 |    if (menu.name == "SET HOUR" || ovf_hours) {
      |                  ^~
../Core/Src/menu.c:74:18: warning: comparison with string literal results in unspecified behavior [-Waddress]
   74 |    if (menu.name == "SET SECS") {
      |                  ^~
../Core/Src/menu.c:80:18: warning: comparison with string literal results in unspecified behavior [-Waddress]
   80 |    if (menu.name == "SET MINS" || ovf_minutes) {
      |                  ^~
../Core/Src/menu.c:87:18: warning: comparison with string literal results in unspecified behavior [-Waddress]
   87 |    if (menu.name == "SET HOUR" || ovf_hours) {
      |                  ^~
make: *** [Core/Src/subdir.mk:49: Core/Src/main.o] Error 1
make: *** Waiting for unfinished jobs....
../Core/Src/display.c: In function 'print_time':
../Core/Src/display.c:73:36: warning: ' ' directive output may be truncated writing 1 byte into a region of size between 0 and 2 [-Wformat-truncation=]
   73 |   snprintf(buffer, 9, "  %02d%c%02d ", hours, sec_dot, minutes);
      |                                    ^
../Core/Src/display.c:73:3: note: 'snprintf' output between 9 and 11 bytes into a destination of size 9
   73 |   snprintf(buffer, 9, "  %02d%c%02d ", hours, sec_dot, minutes);
      |   ^~~~~~~~~~~~~~~~~~~~~~~~~~~~~~~~~~~~~~~~~~~~~~~~~~~~~~~~~~~~~
../Core/Src/display.c:76:34: warning: '%02d' directive output may be truncated writing between 2 and 3 bytes into a region of size between 1 and 3 [-Wformat-truncation=]
   76 |   snprintf(buffer, 9, "%02d.%02d.%02d", hours, minutes, seconds);
      |                                  ^~~~
../Core/Src/display.c:76:23: note: directive argument in the range [0, 255]
   76 |   snprintf(buffer, 9, "%02d.%02d.%02d", hours, minutes, seconds);
      |                       ^~~~~~~~~~~~~~~~
../Core/Src/display.c:76:3: note: 'snprintf' output between 9 and 12 bytes into a destination of size 9
   76 |   snprintf(buffer, 9, "%02d.%02d.%02d", hours, minutes, seconds);
      |   ^~~~~~~~~~~~~~~~~~~~~~~~~~~~~~~~~~~~~~~~~~~~~~~~~~~~~~~~~~~~~~
../Core/Src/display.c: In function 'print_new_time':
../Core/Src/display.c:86:33: warning: '%02d' directive output may be truncated writing between 2 and 3 bytes into a region of size between 1 and 3 [-Wformat-truncation=]
   86 |  snprintf(buffer, 9, "%02d.%02d.%02d", new_hours, new_minutes, new_seconds);
      |                                 ^~~~
../Core/Src/display.c:86:22: note: directive argument in the range [0, 255]
   86 |  snprintf(buffer, 9, "%02d.%02d.%02d", new_hours, new_minutes, new_seconds);
      |                      ^~~~~~~~~~~~~~~~
../Core/Src/display.c:86:2: note: 'snprintf' output between 9 and 12 bytes into a destination of size 9
   86 |  snprintf(buffer, 9, "%02d.%02d.%02d", new_hours, new_minutes, new_seconds);
      |  ^~~~~~~~~~~~~~~~~~~~~~~~~~~~~~~~~~~~~~~~~~~~~~~~~~~~~~~~~~~~~~~~~~~~~~~~~~
../Core/Src/display.c: In function 'print_time_blink_hours':
../Core/Src/display.c:107:32: warning: '%02d' directive output may be truncated writing between 2 and 3 bytes into a region of size between 2 and 3 [-Wformat-truncation=]
  107 |   snprintf(buffer, 9, "  .%02d.%02d", new_minutes, new_seconds);
      |                                ^~~~
../Core/Src/display.c:107:23: note: directive argument in the range [0, 255]
  107 |   snprintf(buffer, 9, "  .%02d.%02d", new_minutes, new_seconds);
      |                       ^~~~~~~~~~~~~~
../Core/Src/display.c:107:3: note: 'snprintf' output between 9 and 11 bytes into a destination of size 9
  107 |   snprintf(buffer, 9, "  .%02d.%02d", new_minutes, new_seconds);
      |   ^~~~~~~~~~~~~~~~~~~~~~~~~~~~~~~~~~~~~~~~~~~~~~~~~~~~~~~~~~~~~
../Core/Src/display.c: In function 'print_time_blink_minutes':
../Core/Src/display.c:117:32: warning: '%02d' directive output may be truncated writing between 2 and 3 bytes into a region of size between 2 and 3 [-Wformat-truncation=]
  117 |   snprintf(buffer, 9, "%02d.  .%02d", new_hours, new_seconds);
      |                                ^~~~
../Core/Src/display.c:117:23: note: directive argument in the range [0, 255]
  117 |   snprintf(buffer, 9, "%02d.  .%02d", new_hours, new_seconds);
      |                       ^~~~~~~~~~~~~~
../Core/Src/display.c:117:3: note: 'snprintf' output between 9 and 11 bytes into a destination of size 9
  117 |   snprintf(buffer, 9, "%02d.  .%02d", new_hours, new_seconds);
      |   ^~~~~~~~~~~~~~~~~~~~~~~~~~~~~~~~~~~~~~~~~~~~~~~~~~~~~~~~~~~
../Core/Src/display.c: In function 'print_time_blink_seconds':
../Core/Src/display.c:127:33: warning: '.  ' directive output may be truncated writing 3 bytes into a region of size between 2 and 4 [-Wformat-truncation=]
  127 |   snprintf(buffer, 9, "%02d.%02d.  ", new_hours, new_minutes);
      |                                 ^~~
../Core/Src/display.c:127:3: note: 'snprintf' output between 9 and 11 bytes into a destination of size 9
  127 |   snprintf(buffer, 9, "%02d.%02d.  ", new_hours, new_minutes);
      |   ^~~~~~~~~~~~~~~~~~~~~~~~~~~~~~~~~~~~~~~~~~~~~~~~~~~~~~~~~~~
"make -j7 all" terminated with exit code 2. Build might be incomplete.
10:19:16 **** Incremental Build of configuration Release for project STM32Watch ****
make -j7 all 
arm-none-eabi-gcc "../Core/Src/main.c" -mcpu=cortex-m0plus -std=gnu11 -DUSE_HAL_DRIVER -DSTM32L031xx -c -I../Core/Inc -I../Drivers/STM32L0xx_HAL_Driver/Inc -I../Drivers/STM32L0xx_HAL_Driver/Inc/Legacy -I../Drivers/CMSIS/Device/ST/STM32L0xx/Include -I../Drivers/CMSIS/Include -Os -ffunction-sections -fdata-sections -Wall -fstack-usage -MMD -MP -MF"Core/Src/main.d" -MT"Core/Src/main.o" --specs=nano.specs -mfloat-abi=soft -mthumb -o "Core/Src/main.o"
arm-none-eabi-gcc "../Core/Src/stm32l0xx_it.c" -mcpu=cortex-m0plus -std=gnu11 -DUSE_HAL_DRIVER -DSTM32L031xx -c -I../Core/Inc -I../Drivers/STM32L0xx_HAL_Driver/Inc -I../Drivers/STM32L0xx_HAL_Driver/Inc/Legacy -I../Drivers/CMSIS/Device/ST/STM32L0xx/Include -I../Drivers/CMSIS/Include -Os -ffunction-sections -fdata-sections -Wall -fstack-usage -MMD -MP -MF"Core/Src/stm32l0xx_it.d" -MT"Core/Src/stm32l0xx_it.o" --specs=nano.specs -mfloat-abi=soft -mthumb -o "Core/Src/stm32l0xx_it.o"
../Core/Src/stm32l0xx_it.c: In function 'HAL_GPIO_EXTI_Callback':
../Core/Src/stm32l0xx_it.c:177:3: warning: implicit declaration of function 'SystemClock_Config'; did you mean 'SysTick_Config'? [-Wimplicit-function-declaration]
  177 |   SystemClock_Config();
      |   ^~~~~~~~~~~~~~~~~~
      |   SysTick_Config
arm-none-eabi-gcc -o "STM32Watch.elf" @"objects.list"   -mcpu=cortex-m0plus -T"/Users/anemiq/Projects/stm32watch/STM32Watch/STM32L031K6TX_FLASH.ld" --specs=nosys.specs -Wl,-Map="STM32Watch.map" -Wl,--gc-sections -static --specs=nano.specs -mfloat-abi=soft -mthumb -Wl,--start-group -lc -lm -Wl,--end-group
Finished building target: STM32Watch.elf
 
arm-none-eabi-size   STM32Watch.elf 
arm-none-eabi-objdump -h -S  STM32Watch.elf  > "STM32Watch.list"
   text	   data	    bss	    dec	    hex	filename
  19048	    124	   1908	  21080	   5258	STM32Watch.elf
Finished building: default.size.stdout
 
Finished building: STM32Watch.list
 
10:29:19 **** Incremental Build of configuration Release for project STM32Watch ****
make -j7 all 
arm-none-eabi-gcc "../Core/Src/definitions.c" -mcpu=cortex-m0plus -std=gnu11 -DUSE_HAL_DRIVER -DSTM32L031xx -c -I../Core/Inc -I../Drivers/STM32L0xx_HAL_Driver/Inc -I../Drivers/STM32L0xx_HAL_Driver/Inc/Legacy -I../Drivers/CMSIS/Device/ST/STM32L0xx/Include -I../Drivers/CMSIS/Include -Os -ffunction-sections -fdata-sections -Wall -fstack-usage -MMD -MP -MF"Core/Src/definitions.d" -MT"Core/Src/definitions.o" --specs=nano.specs -mfloat-abi=soft -mthumb -o "Core/Src/definitions.o"
arm-none-eabi-gcc "../Core/Src/display.c" -mcpu=cortex-m0plus -std=gnu11 -DUSE_HAL_DRIVER -DSTM32L031xx -c -I../Core/Inc -I../Drivers/STM32L0xx_HAL_Driver/Inc -I../Drivers/STM32L0xx_HAL_Driver/Inc/Legacy -I../Drivers/CMSIS/Device/ST/STM32L0xx/Include -I../Drivers/CMSIS/Include -Os -ffunction-sections -fdata-sections -Wall -fstack-usage -MMD -MP -MF"Core/Src/display.d" -MT"Core/Src/display.o" --specs=nano.specs -mfloat-abi=soft -mthumb -o "Core/Src/display.o"
arm-none-eabi-gcc "../Core/Src/helpers.c" -mcpu=cortex-m0plus -std=gnu11 -DUSE_HAL_DRIVER -DSTM32L031xx -c -I../Core/Inc -I../Drivers/STM32L0xx_HAL_Driver/Inc -I../Drivers/STM32L0xx_HAL_Driver/Inc/Legacy -I../Drivers/CMSIS/Device/ST/STM32L0xx/Include -I../Drivers/CMSIS/Include -Os -ffunction-sections -fdata-sections -Wall -fstack-usage -MMD -MP -MF"Core/Src/helpers.d" -MT"Core/Src/helpers.o" --specs=nano.specs -mfloat-abi=soft -mthumb -o "Core/Src/helpers.o"
arm-none-eabi-gcc "../Core/Src/input.c" -mcpu=cortex-m0plus -std=gnu11 -DUSE_HAL_DRIVER -DSTM32L031xx -c -I../Core/Inc -I../Drivers/STM32L0xx_HAL_Driver/Inc -I../Drivers/STM32L0xx_HAL_Driver/Inc/Legacy -I../Drivers/CMSIS/Device/ST/STM32L0xx/Include -I../Drivers/CMSIS/Include -Os -ffunction-sections -fdata-sections -Wall -fstack-usage -MMD -MP -MF"Core/Src/input.d" -MT"Core/Src/input.o" --specs=nano.specs -mfloat-abi=soft -mthumb -o "Core/Src/input.o"
arm-none-eabi-gcc "../Core/Src/main.c" -mcpu=cortex-m0plus -std=gnu11 -DUSE_HAL_DRIVER -DSTM32L031xx -c -I../Core/Inc -I../Drivers/STM32L0xx_HAL_Driver/Inc -I../Drivers/STM32L0xx_HAL_Driver/Inc/Legacy -I../Drivers/CMSIS/Device/ST/STM32L0xx/Include -I../Drivers/CMSIS/Include -Os -ffunction-sections -fdata-sections -Wall -fstack-usage -MMD -MP -MF"Core/Src/main.d" -MT"Core/Src/main.o" --specs=nano.specs -mfloat-abi=soft -mthumb -o "Core/Src/main.o"
arm-none-eabi-gcc "../Core/Src/menu.c" -mcpu=cortex-m0plus -std=gnu11 -DUSE_HAL_DRIVER -DSTM32L031xx -c -I../Core/Inc -I../Drivers/STM32L0xx_HAL_Driver/Inc -I../Drivers/STM32L0xx_HAL_Driver/Inc/Legacy -I../Drivers/CMSIS/Device/ST/STM32L0xx/Include -I../Drivers/CMSIS/Include -Os -ffunction-sections -fdata-sections -Wall -fstack-usage -MMD -MP -MF"Core/Src/menu.d" -MT"Core/Src/menu.o" --specs=nano.specs -mfloat-abi=soft -mthumb -o "Core/Src/menu.o"
arm-none-eabi-gcc "../Core/Src/stm32l0xx_hal_msp.c" -mcpu=cortex-m0plus -std=gnu11 -DUSE_HAL_DRIVER -DSTM32L031xx -c -I../Core/Inc -I../Drivers/STM32L0xx_HAL_Driver/Inc -I../Drivers/STM32L0xx_HAL_Driver/Inc/Legacy -I../Drivers/CMSIS/Device/ST/STM32L0xx/Include -I../Drivers/CMSIS/Include -Os -ffunction-sections -fdata-sections -Wall -fstack-usage -MMD -MP -MF"Core/Src/stm32l0xx_hal_msp.d" -MT"Core/Src/stm32l0xx_hal_msp.o" --specs=nano.specs -mfloat-abi=soft -mthumb -o "Core/Src/stm32l0xx_hal_msp.o"
../Core/Src/menu.c: In function 'func_set_time':
arm-none-eabi-gcc "../Core/Src/stm32l0xx_it.c" -mcpu=cortex-m0plus -std=gnu11 -DUSE_HAL_DRIVER -DSTM32L031xx -c -I../Core/Inc -I../Drivers/STM32L0xx_HAL_Driver/Inc -I../Drivers/STM32L0xx_HAL_Driver/Inc/Legacy -I../Drivers/CMSIS/Device/ST/STM32L0xx/Include -I../Drivers/CMSIS/Include -Os -ffunction-sections -fdata-sections -Wall -fstack-usage -MMD -MP -MF"Core/Src/stm32l0xx_it.d" -MT"Core/Src/stm32l0xx_it.o" --specs=nano.specs -mfloat-abi=soft -mthumb -o "Core/Src/stm32l0xx_it.o"
../Core/Src/menu.c:48:18: warning: comparison with string literal results in unspecified behavior [-Waddress]
   48 |    if (menu.name == "SET SECS") {
      |                  ^~
../Core/Src/menu.c:54:18: warning: comparison with string literal results in unspecified behavior [-Waddress]
   54 |    if (menu.name == "SET MINS" || ovf_minutes) {
      |                  ^~
../Core/Src/menu.c:61:18: warning: comparison with string literal results in unspecified behavior [-Waddress]
   61 |    if (menu.name == "SET HOUR" || ovf_hours) {
      |                  ^~
../Core/Src/menu.c:74:18: warning: comparison with string literal results in unspecified behavior [-Waddress]
   74 |    if (menu.name == "SET SECS") {
      |                  ^~
../Core/Src/menu.c:80:18: warning: comparison with string literal results in unspecified behavior [-Waddress]
   80 |    if (menu.name == "SET MINS" || ovf_minutes) {
      |                  ^~
../Core/Src/menu.c:87:18: warning: comparison with string literal results in unspecified behavior [-Waddress]
   87 |    if (menu.name == "SET HOUR" || ovf_hours) {
      |                  ^~
../Core/Src/menu.c: In function 'func_set_timeout':
../Core/Src/menu.c:123:15: error: assignment to expression with array type
  123 |   else buffer = "T/O  OFF";
      |               ^
make: *** [Core/Src/subdir.mk:49: Core/Src/menu.o] Error 1
make: *** Waiting for unfinished jobs....
../Core/Src/display.c: In function 'print_time':
../Core/Src/display.c:73:36: warning: ' ' directive output may be truncated writing 1 byte into a region of size between 0 and 2 [-Wformat-truncation=]
   73 |   snprintf(buffer, 9, "  %02d%c%02d ", hours, sec_dot, minutes);
      |                                    ^
../Core/Src/display.c:73:3: note: 'snprintf' output between 9 and 11 bytes into a destination of size 9
   73 |   snprintf(buffer, 9, "  %02d%c%02d ", hours, sec_dot, minutes);
      |   ^~~~~~~~~~~~~~~~~~~~~~~~~~~~~~~~~~~~~~~~~~~~~~~~~~~~~~~~~~~~~
../Core/Src/display.c:76:34: warning: '%02d' directive output may be truncated writing between 2 and 3 bytes into a region of size between 1 and 3 [-Wformat-truncation=]
   76 |   snprintf(buffer, 9, "%02d.%02d.%02d", hours, minutes, seconds);
      |                                  ^~~~
../Core/Src/display.c:76:23: note: directive argument in the range [0, 255]
   76 |   snprintf(buffer, 9, "%02d.%02d.%02d", hours, minutes, seconds);
      |                       ^~~~~~~~~~~~~~~~
../Core/Src/display.c:76:3: note: 'snprintf' output between 9 and 12 bytes into a destination of size 9
   76 |   snprintf(buffer, 9, "%02d.%02d.%02d", hours, minutes, seconds);
      |   ^~~~~~~~~~~~~~~~~~~~~~~~~~~~~~~~~~~~~~~~~~~~~~~~~~~~~~~~~~~~~~
../Core/Src/display.c: In function 'print_new_time':
../Core/Src/display.c:86:33: warning: '%02d' directive output may be truncated writing between 2 and 3 bytes into a region of size between 1 and 3 [-Wformat-truncation=]
   86 |  snprintf(buffer, 9, "%02d.%02d.%02d", new_hours, new_minutes, new_seconds);
      |                                 ^~~~
../Core/Src/display.c:86:22: note: directive argument in the range [0, 255]
   86 |  snprintf(buffer, 9, "%02d.%02d.%02d", new_hours, new_minutes, new_seconds);
      |                      ^~~~~~~~~~~~~~~~
../Core/Src/display.c:86:2: note: 'snprintf' output between 9 and 12 bytes into a destination of size 9
   86 |  snprintf(buffer, 9, "%02d.%02d.%02d", new_hours, new_minutes, new_seconds);
      |  ^~~~~~~~~~~~~~~~~~~~~~~~~~~~~~~~~~~~~~~~~~~~~~~~~~~~~~~~~~~~~~~~~~~~~~~~~~
../Core/Src/display.c: In function 'print_time_blink_hours':
../Core/Src/display.c:107:32: warning: '%02d' directive output may be truncated writing between 2 and 3 bytes into a region of size between 2 and 3 [-Wformat-truncation=]
  107 |   snprintf(buffer, 9, "  .%02d.%02d", new_minutes, new_seconds);
      |                                ^~~~
../Core/Src/display.c:107:23: note: directive argument in the range [0, 255]
  107 |   snprintf(buffer, 9, "  .%02d.%02d", new_minutes, new_seconds);
      |                       ^~~~~~~~~~~~~~
../Core/Src/display.c:107:3: note: 'snprintf' output between 9 and 11 bytes into a destination of size 9
  107 |   snprintf(buffer, 9, "  .%02d.%02d", new_minutes, new_seconds);
      |   ^~~~~~~~~~~~~~~~~~~~~~~~~~~~~~~~~~~~~~~~~~~~~~~~~~~~~~~~~~~~~
../Core/Src/display.c: In function 'print_time_blink_minutes':
../Core/Src/display.c:117:32: warning: '%02d' directive output may be truncated writing between 2 and 3 bytes into a region of size between 2 and 3 [-Wformat-truncation=]
  117 |   snprintf(buffer, 9, "%02d.  .%02d", new_hours, new_seconds);
      |                                ^~~~
../Core/Src/display.c:117:23: note: directive argument in the range [0, 255]
  117 |   snprintf(buffer, 9, "%02d.  .%02d", new_hours, new_seconds);
      |                       ^~~~~~~~~~~~~~
../Core/Src/display.c:117:3: note: 'snprintf' output between 9 and 11 bytes into a destination of size 9
  117 |   snprintf(buffer, 9, "%02d.  .%02d", new_hours, new_seconds);
      |   ^~~~~~~~~~~~~~~~~~~~~~~~~~~~~~~~~~~~~~~~~~~~~~~~~~~~~~~~~~~
../Core/Src/display.c: In function 'print_time_blink_seconds':
../Core/Src/display.c:127:33: warning: '.  ' directive output may be truncated writing 3 bytes into a region of size between 2 and 4 [-Wformat-truncation=]
  127 |   snprintf(buffer, 9, "%02d.%02d.  ", new_hours, new_minutes);
      |                                 ^~~
../Core/Src/display.c:127:3: note: 'snprintf' output between 9 and 11 bytes into a destination of size 9
  127 |   snprintf(buffer, 9, "%02d.%02d.  ", new_hours, new_minutes);
      |   ^~~~~~~~~~~~~~~~~~~~~~~~~~~~~~~~~~~~~~~~~~~~~~~~~~~~~~~~~~~
../Core/Src/stm32l0xx_it.c: In function 'HAL_GPIO_EXTI_Callback':
../Core/Src/stm32l0xx_it.c:177:3: warning: implicit declaration of function 'SystemClock_Config'; did you mean 'SysTick_Config'? [-Wimplicit-function-declaration]
  177 |   SystemClock_Config();
      |   ^~~~~~~~~~~~~~~~~~
      |   SysTick_Config
"make -j7 all" terminated with exit code 2. Build might be incomplete.
10:30:25 **** Incremental Build of configuration Release for project STM32Watch ****
make -j7 all 
arm-none-eabi-gcc "../Core/Src/menu.c" -mcpu=cortex-m0plus -std=gnu11 -DUSE_HAL_DRIVER -DSTM32L031xx -c -I../Core/Inc -I../Drivers/STM32L0xx_HAL_Driver/Inc -I../Drivers/STM32L0xx_HAL_Driver/Inc/Legacy -I../Drivers/CMSIS/Device/ST/STM32L0xx/Include -I../Drivers/CMSIS/Include -Os -ffunction-sections -fdata-sections -Wall -fstack-usage -MMD -MP -MF"Core/Src/menu.d" -MT"Core/Src/menu.o" --specs=nano.specs -mfloat-abi=soft -mthumb -o "Core/Src/menu.o"
../Core/Src/menu.c: In function 'func_set_time':
../Core/Src/menu.c:48:18: warning: comparison with string literal results in unspecified behavior [-Waddress]
   48 |    if (menu.name == "SET SECS") {
      |                  ^~
../Core/Src/menu.c:54:18: warning: comparison with string literal results in unspecified behavior [-Waddress]
   54 |    if (menu.name == "SET MINS" || ovf_minutes) {
      |                  ^~
../Core/Src/menu.c:61:18: warning: comparison with string literal results in unspecified behavior [-Waddress]
   61 |    if (menu.name == "SET HOUR" || ovf_hours) {
      |                  ^~
../Core/Src/menu.c:74:18: warning: comparison with string literal results in unspecified behavior [-Waddress]
   74 |    if (menu.name == "SET SECS") {
      |                  ^~
../Core/Src/menu.c:80:18: warning: comparison with string literal results in unspecified behavior [-Waddress]
   80 |    if (menu.name == "SET MINS" || ovf_minutes) {
[...]
../Core/Src/menu.c: In function 'func_set_date':
../Core/Src/menu.c:45:18: warning: comparison with string literal results in unspecified behavior [-Waddress]
   45 |    if (menu.name == "SET DAY ") {
      |                  ^~
../Core/Src/menu.c:50:18: warning: comparison with string literal results in unspecified behavior [-Waddress]
   50 |    if (menu.name == "SET MNTH") {
      |                  ^~
../Core/Src/menu.c:55:18: warning: comparison with string literal results in unspecified behavior [-Waddress]
   55 |    if (menu.name == "SET YEAR") {
      |                  ^~
../Core/Src/menu.c:67:18: warning: comparison with string literal results in unspecified behavior [-Waddress]
   67 |    if (menu.name == "SET DAY ") {
      |                  ^~
../Core/Src/menu.c:72:18: warning: comparison with string literal results in unspecified behavior [-Waddress]
   72 |    if (menu.name == "SET MNTH") {
      |                  ^~
../Core/Src/menu.c:77:18: warning: comparison with string literal results in unspecified behavior [-Waddress]
   77 |    if (menu.name == "SET YEAR") {
      |                  ^~
../Core/Src/menu.c:92:11: warning: implicit declaration of function 'fmin' [-Wimplicit-function-declaration]
   92 |     day = fmin(30, new_day);
      |           ^~~~
../Core/Src/menu.c:92:11: warning: incompatible implicit declaration of built-in function 'fmin'
../Core/Src/menu.c:9:1: note: include '<math.h>' or provide a declaration of 'fmin'
    8 | #include "menu.h"
  +++ |+#include <math.h>
    9 | 
../Core/Src/menu.c:95:12: warning: incompatible implicit declaration of built-in function 'fmin'
   95 |      day = fmin(29, new_day);
      |            ^~~~
../Core/Src/menu.c:95:12: note: include '<math.h>' or provide a declaration of 'fmin'
../Core/Src/menu.c: In function 'func_set_time':
../Core/Src/menu.c:136:18: warning: comparison with string literal results in unspecified behavior [-Waddress]
  136 |    if (menu.name == "SET SECS") {
      |                  ^~
../Core/Src/menu.c:141:18: warning: comparison with string literal results in unspecified behavior [-Waddress]
  141 |    if (menu.name == "SET MINS") {
      |                  ^~
../Core/Src/menu.c:146:18: warning: comparison with string literal results in unspecified behavior [-Waddress]
  146 |    if (menu.name == "SET HOUR") {
      |                  ^~
../Core/Src/menu.c:158:18: warning: comparison with string literal results in unspecified behavior [-Waddress]
  158 |    if (menu.name == "SET SECS") {
      |                  ^~
../Core/Src/menu.c:163:18: warning: comparison with string literal results in unspecified behavior [-Waddress]
  163 |    if (menu.name == "SET MINS") {
      |                  ^~
../Core/Src/menu.c:168:18: warning: comparison with string literal results in unspecified behavior [-Waddress]
  168 |    if (menu.name == "SET HOUR") {
      |                  ^~
arm-none-eabi-gcc -o "STM32Watch.elf" @"objects.list"   -mcpu=cortex-m0plus -T"/Users/anemiq/Projects/stm32watch/STM32Watch/STM32L031K6TX_FLASH.ld" --specs=nosys.specs -Wl,-Map="STM32Watch.map" -Wl,--gc-sections -static --specs=nano.specs -mfloat-abi=soft -mthumb -Wl,--start-group -lc -lm -Wl,--end-group
Finished building target: STM32Watch.elf
 
arm-none-eabi-size   STM32Watch.elf 
arm-none-eabi-objdump -h -S  STM32Watch.elf  > "STM32Watch.list"
   text	   data	    bss	    dec	    hex	filename
  23396	    128	   1912	  25436	   635c	STM32Watch.elf
Finished building: default.size.stdout
 
Finished building: STM32Watch.list
 
13:59:48 **** Incremental Build of configuration Release for project STM32Watch ****
make -j7 all 
arm-none-eabi-gcc "../Core/Src/definitions.c" -mcpu=cortex-m0plus -std=gnu11 -DUSE_HAL_DRIVER -DSTM32L031xx -c -I../Core/Inc -I../Drivers/STM32L0xx_HAL_Driver/Inc -I../Drivers/STM32L0xx_HAL_Driver/Inc/Legacy -I../Drivers/CMSIS/Device/ST/STM32L0xx/Include -I../Drivers/CMSIS/Include -Os -ffunction-sections -fdata-sections -Wall -fstack-usage -MMD -MP -MF"Core/Src/definitions.d" -MT"Core/Src/definitions.o" --specs=nano.specs -mfloat-abi=soft -mthumb -o "Core/Src/definitions.o"
arm-none-eabi-gcc "../Core/Src/display.c" -mcpu=cortex-m0plus -std=gnu11 -DUSE_HAL_DRIVER -DSTM32L031xx -c -I../Core/Inc -I../Drivers/STM32L0xx_HAL_Driver/Inc -I../Drivers/STM32L0xx_HAL_Driver/Inc/Legacy -I../Drivers/CMSIS/Device/ST/STM32L0xx/Include -I../Drivers/CMSIS/Include -Os -ffunction-sections -fdata-sections -Wall -fstack-usage -MMD -MP -MF"Core/Src/display.d" -MT"Core/Src/display.o" --specs=nano.specs -mfloat-abi=soft -mthumb -o "Core/Src/display.o"
arm-none-eabi-gcc "../Core/Src/ds3231mz.c" -mcpu=cortex-m0plus -std=gnu11 -DUSE_HAL_DRIVER -DSTM32L031xx -c -I../Core/Inc -I../Drivers/STM32L0xx_HAL_Driver/Inc -I../Drivers/STM32L0xx_HAL_Driver/Inc/Legacy -I../Drivers/CMSIS/Device/ST/STM32L0xx/Include -I../Drivers/CMSIS/Include -Os -ffunction-sections -fdata-sections -Wall -fstack-usage -MMD -MP -MF"Core/Src/ds3231mz.d" -MT"Core/Src/ds3231mz.o" --specs=nano.specs -mfloat-abi=soft -mthumb -o "Core/Src/ds3231mz.o"
arm-none-eabi-gcc "../Core/Src/helpers.c" -mcpu=cortex-m0plus -std=gnu11 -DUSE_HAL_DRIVER -DSTM32L031xx -c -I../Core/Inc -I../Drivers/STM32L0xx_HAL_Driver/Inc -I../Drivers/STM32L0xx_HAL_Driver/Inc/Legacy -I../Drivers/CMSIS/Device/ST/STM32L0xx/Include -I../Drivers/CMSIS/Include -Os -ffunction-sections -fdata-sections -Wall -fstack-usage -MMD -MP -MF"Core/Src/helpers.d" -MT"Core/Src/helpers.o" --specs=nano.specs -mfloat-abi=soft -mthumb -o "Core/Src/helpers.o"
arm-none-eabi-gcc "../Core/Src/input.c" -mcpu=cortex-m0plus -std=gnu11 -DUSE_HAL_DRIVER -DSTM32L031xx -c -I../Core/Inc -I../Drivers/STM32L0xx_HAL_Driver/Inc -I../Drivers/STM32L0xx_HAL_Driver/Inc/Legacy -I../Drivers/CMSIS/Device/ST/STM32L0xx/Include -I../Drivers/CMSIS/Include -Os -ffunction-sections -fdata-sections -Wall -fstack-usage -MMD -MP -MF"Core/Src/input.d" -MT"Core/Src/input.o" --specs=nano.specs -mfloat-abi=soft -mthumb -o "Core/Src/input.o"
arm-none-eabi-gcc "../Core/Src/main.c" -mcpu=cortex-m0plus -std=gnu11 -DUSE_HAL_DRIVER -DSTM32L031xx -c -I../Core/Inc -I../Drivers/STM32L0xx_HAL_Driver/Inc -I../Drivers/STM32L0xx_HAL_Driver/Inc/Legacy -I../Drivers/CMSIS/Device/ST/STM32L0xx/Include -I../Drivers/CMSIS/Include -Os -ffunction-sections -fdata-sections -Wall -fstack-usage -MMD -MP -MF"Core/Src/main.d" -MT"Core/Src/main.o" --specs=nano.specs -mfloat-abi=soft -mthumb -o "Core/Src/main.o"
arm-none-eabi-gcc "../Core/Src/menu.c" -mcpu=cortex-m0plus -std=gnu11 -DUSE_HAL_DRIVER -DSTM32L031xx -c -I../Core/Inc -I../Drivers/STM32L0xx_HAL_Driver/Inc -I../Drivers/STM32L0xx_HAL_Driver/Inc/Legacy -I../Drivers/CMSIS/Device/ST/STM32L0xx/Include -I../Drivers/CMSIS/Include -Os -ffunction-sections -fdata-sections -Wall -fstack-usage -MMD -MP -MF"Core/Src/menu.d" -MT"Core/Src/menu.o" --specs=nano.specs -mfloat-abi=soft -mthumb -o "Core/Src/menu.o"
arm-none-eabi-gcc "../Core/Src/stm32l0xx_hal_msp.c" -mcpu=cortex-m0plus -std=gnu11 -DUSE_HAL_DRIVER -DSTM32L031xx -c -I../Core/Inc -I../Drivers/STM32L0xx_HAL_Driver/Inc -I../Drivers/STM32L0xx_HAL_Driver/Inc/Legacy -I../Drivers/CMSIS/Device/ST/STM32L0xx/Include -I../Drivers/CMSIS/Include -Os -ffunction-sections -fdata-sections -Wall -fstack-usage -MMD -MP -MF"Core/Src/stm32l0xx_hal_msp.d" -MT"Core/Src/stm32l0xx_hal_msp.o" --specs=nano.specs -mfloat-abi=soft -mthumb -o "Core/Src/stm32l0xx_hal_msp.o"
../Core/Src/menu.c: In function 'func_set_date':
../Core/Src/menu.c:45:18: warning: comparison with string literal results in unspecified behavior [-Waddress]
   45 |    if (menu.name == "SET DAY ") {
      |                  ^~
../Core/Src/menu.c:50:18: warning: comparison with string literal results in unspecified behavior [-Waddress]
   50 |    if (menu.name == "SET MNTH") {
      |                  ^~
../Core/Src/menu.c:55:18: warning: comparison with string literal results in unspecified behavior [-Waddress]
   55 |    if (menu.name == "SET YEAR") {
      |                  ^~
../Core/Src/menu.c:67:18: warning: comparison with string literal results in unspecified behavior [-Waddress]
   67 |    if (menu.name == "SET DAY ") {
      |                  ^~
../Core/Src/menu.c:72:18: warning: comparison with string literal results in unspecified behavior [-Waddress]
   72 |    if (menu.name == "SET MNTH") {
      |                  ^~
../Core/Src/menu.c:77:18: warning: comparison with string literal results in unspecified behavior [-Waddress]
   77 |    if (menu.name == "SET YEAR") {
      |                  ^~
../Core/Src/menu.c:92:11: warning: implicit declaration of function 'fmin' [-Wimplicit-function-declaration]
   92 |     day = fmin(30, new_day);
      |           ^~~~
../Core/Src/menu.c:92:11: warning: incompatible implicit declaration of built-in function 'fmin'
../Core/Src/menu.c:9:1: note: include '<math.h>' or provide a declaration of 'fmin'
    8 | #include "menu.h"
  +++ |+#include <math.h>
    9 | 
../Core/Src/menu.c:95:12: warning: incompatible implicit declaration of built-in function 'fmin'
   95 |      day = fmin(29, new_day);
      |            ^~~~
../Core/Src/menu.c:95:12: note: include '<math.h>' or provide a declaration of 'fmin'
../Core/Src/menu.c: In function 'func_set_time':
../Core/Src/menu.c:136:18: warning: comparison with string literal results in unspecified behavior [-Waddress]
  136 |    if (menu.name == "SET SECS") {
      |                  ^~
../Core/Src/menu.c:141:18: warning: comparison with string literal results in unspecified behavior [-Waddress]
  141 |    if (menu.name == "SET MINS") {
      |                  ^~
../Core/Src/menu.c:146:18: warning: comparison with string literal results in unspecified behavior [-Waddress]
  146 |    if (menu.name == "SET HOUR") {
      |                  ^~
../Core/Src/menu.c:158:18: warning: comparison with string literal results in unspecified behavior [-Waddress]
  158 |    if (menu.name == "SET SECS") {
      |                  ^~
../Core/Src/menu.c:163:18: warning: comparison with string literal results in unspecified behavior [-Waddress]
  163 |    if (menu.name == "SET MINS") {
      |                  ^~
../Core/Src/menu.c:168:18: warning: comparison with string literal results in unspecified behavior [-Waddress]
  168 |    if (menu.name == "SET HOUR") {
      |                  ^~
arm-none-eabi-gcc "../Core/Src/stm32l0xx_it.c" -mcpu=cortex-m0plus -std=gnu11 -DUSE_HAL_DRIVER -DSTM32L031xx -c -I../Core/Inc -I../Drivers/STM32L0xx_HAL_Driver/Inc -I../Drivers/STM32L0xx_HAL_Driver/Inc/Legacy -I../Drivers/CMSIS/Device/ST/STM32L0xx/Include -I../Drivers/CMSIS/Include -Os -ffunction-sections -fdata-sections -Wall -fstack-usage -MMD -MP -MF"Core/Src/stm32l0xx_it.d" -MT"Core/Src/stm32l0xx_it.o" --specs=nano.specs -mfloat-abi=soft -mthumb -o "Core/Src/stm32l0xx_it.o"
../Core/Src/display.c: In function 'print_time':
../Core/Src/display.c:72:36: warning: ' ' directive output may be truncated writing 1 byte into a region of size between 0 and 2 [-Wformat-truncation=]
   72 |   snprintf(buffer, 9, "  %02d%c%02d ", hours, sec_dot, minutes);
      |                                    ^
../Core/Src/display.c:72:3: note: 'snprintf' output between 9 and 11 bytes into a destination of size 9
   72 |   snprintf(buffer, 9, "  %02d%c%02d ", hours, sec_dot, minutes);
      |   ^~~~~~~~~~~~~~~~~~~~~~~~~~~~~~~~~~~~~~~~~~~~~~~~~~~~~~~~~~~~~
../Core/Src/display.c:75:34: warning: '%02d' directive output may be truncated writing between 2 and 3 bytes into a region of size between 1 and 3 [-Wformat-truncation=]
   75 |   snprintf(buffer, 9, "%02d.%02d.%02d", hours, minutes, seconds);
      |                                  ^~~~
../Core/Src/display.c:75:23: note: directive argument in the range [0, 255]
   75 |   snprintf(buffer, 9, "%02d.%02d.%02d", hours, minutes, seconds);
      |                       ^~~~~~~~~~~~~~~~
../Core/Src/display.c:75:3: note: 'snprintf' output between 9 and 12 bytes into a destination of size 9
   75 |   snprintf(buffer, 9, "%02d.%02d.%02d", hours, minutes, seconds);
      |   ^~~~~~~~~~~~~~~~~~~~~~~~~~~~~~~~~~~~~~~~~~~~~~~~~~~~~~~~~~~~~~
../Core/Src/display.c: In function 'print_new_time':
../Core/Src/display.c:85:33: warning: '%02d' directive output may be truncated writing between 2 and 3 bytes into a region of size between 1 and 3 [-Wformat-truncation=]
   85 |  snprintf(buffer, 9, "%02d.%02d.%02d", new_hours, new_minutes, new_seconds);
      |                                 ^~~~
../Core/Src/display.c:85:22: note: directive argument in the range [0, 255]
   85 |  snprintf(buffer, 9, "%02d.%02d.%02d", new_hours, new_minutes, new_seconds);
      |                      ^~~~~~~~~~~~~~~~
../Core/Src/display.c:85:2: note: 'snprintf' output between 9 and 12 bytes into a destination of size 9
   85 |  snprintf(buffer, 9, "%02d.%02d.%02d", new_hours, new_minutes, new_seconds);
      |  ^~~~~~~~~~~~~~~~~~~~~~~~~~~~~~~~~~~~~~~~~~~~~~~~~~~~~~~~~~~~~~~~~~~~~~~~~~
../Core/Src/display.c: In function 'print_time_blink_hours':
../Core/Src/display.c:106:32: warning: '%02d' directive output may be truncated writing between 2 and 3 bytes into a region of size between 2 and 3 [-Wformat-truncation=]
  106 |   snprintf(buffer, 9, "  .%02d.%02d", new_minutes, new_seconds);
      |                                ^~~~
../Core/Src/display.c:106:23: note: directive argument in the range [0, 255]
  106 |   snprintf(buffer, 9, "  .%02d.%02d", new_minutes, new_seconds);
      |                       ^~~~~~~~~~~~~~
../Core/Src/display.c:106:3: note: 'snprintf' output between 9 and 11 bytes into a destination of size 9
  106 |   snprintf(buffer, 9, "  .%02d.%02d", new_minutes, new_seconds);
      |   ^~~~~~~~~~~~~~~~~~~~~~~~~~~~~~~~~~~~~~~~~~~~~~~~~~~~~~~~~~~~~
../Core/Src/display.c: In function 'print_time_blink_minutes':
../Core/Src/display.c:116:32: warning: '%02d' directive output may be truncated writing between 2 and 3 bytes into a region of size between 2 and 3 [-Wformat-truncation=]
  116 |   snprintf(buffer, 9, "%02d.  .%02d", new_hours, new_seconds);
      |                                ^~~~
../Core/Src/display.c:116:23: note: directive argument in the range [0, 255]
  116 |   snprintf(buffer, 9, "%02d.  .%02d", new_hours, new_seconds);
      |                       ^~~~~~~~~~~~~~
../Core/Src/display.c:116:3: note: 'snprintf' output between 9 and 11 bytes into a destination of size 9
  116 |   snprintf(buffer, 9, "%02d.  .%02d", new_hours, new_seconds);
      |   ^~~~~~~~~~~~~~~~~~~~~~~~~~~~~~~~~~~~~~~~~~~~~~~~~~~~~~~~~~~
../Core/Src/display.c: In function 'print_time_blink_seconds':
../Core/Src/display.c:126:33: warning: '.  ' directive output may be truncated writing 3 bytes into a region of size between 2 and 4 [-Wformat-truncation=]
  126 |   snprintf(buffer, 9, "%02d.%02d.  ", new_hours, new_minutes);
      |                                 ^~~
../Core/Src/display.c:126:3: note: 'snprintf' output between 9 and 11 bytes into a destination of size 9
  126 |   snprintf(buffer, 9, "%02d.%02d.  ", new_hours, new_minutes);
      |   ^~~~~~~~~~~~~~~~~~~~~~~~~~~~~~~~~~~~~~~~~~~~~~~~~~~~~~~~~~~
../Core/Src/display.c: In function 'print_date':
../Core/Src/display.c:134:33: warning: '%02d' directive output may be truncated writing between 2 and 3 bytes into a region of size between 1 and 3 [-Wformat-truncation=]
  134 |  snprintf(buffer, 9, "%02d/%02d/%02d", day, month, year);
      |                                 ^~~~
../Core/Src/display.c:134:22: note: directive argument in the range [0, 255]
  134 |  snprintf(buffer, 9, "%02d/%02d/%02d", day, month, year);
      |                      ^~~~~~~~~~~~~~~~
../Core/Src/display.c:134:2: note: 'snprintf' output between 9 and 12 bytes into a destination of size 9
  134 |  snprintf(buffer, 9, "%02d/%02d/%02d", day, month, year);
      |  ^~~~~~~~~~~~~~~~~~~~~~~~~~~~~~~~~~~~~~~~~~~~~~~~~~~~~~~
../Core/Src/display.c: In function 'print_new_date':
../Core/Src/display.c:140:33: warning: '%02d' directive output may be truncated writing between 2 and 3 bytes into a region of size between 1 and 3 [-Wformat-truncation=]
  140 |  snprintf(buffer, 9, "%02d/%02d/%02d", new_day, new_month, new_year);
      |                                 ^~~~
../Core/Src/display.c:140:22: note: directive argument in the range [0, 255]
  140 |  snprintf(buffer, 9, "%02d/%02d/%02d", new_day, new_month, new_year);
      |                      ^~~~~~~~~~~~~~~~
../Core/Src/display.c:140:2: note: 'snprintf' output between 9 and 12 bytes into a destination of size 9
  140 |  snprintf(buffer, 9, "%02d/%02d/%02d", new_day, new_month, new_year);
      |  ^~~~~~~~~~~~~~~~~~~~~~~~~~~~~~~~~~~~~~~~~~~~~~~~~~~~~~~~~~~~~~~~~~~
../Core/Src/display.c: In function 'print_date_blink_day':
../Core/Src/display.c:149:32: warning: '%02d' directive output may be truncated writing between 2 and 3 bytes into a region of size between 2 and 3 [-Wformat-truncation=]
  149 |   snprintf(buffer, 9, "  /%02d/%02d", new_month, new_year);
      |                                ^~~~
../Core/Src/display.c:149:23: note: directive argument in the range [0, 255]
  149 |   snprintf(buffer, 9, "  /%02d/%02d", new_month, new_year);
      |                       ^~~~~~~~~~~~~~
../Core/Src/display.c:149:3: note: 'snprintf' output between 9 and 11 bytes into a destination of size 9
  149 |   snprintf(buffer, 9, "  /%02d/%02d", new_month, new_year);
      |   ^~~~~~~~~~~~~~~~~~~~~~~~~~~~~~~~~~~~~~~~~~~~~~~~~~~~~~~~
../Core/Src/display.c: In function 'print_date_blink_month':
../Core/Src/display.c:159:32: warning: '%02d' directive output may be truncated writing between 2 and 3 bytes into a region of size between 2 and 3 [-Wformat-truncation=]
  159 |   snprintf(buffer, 9, "%02d/  /%02d", new_day, new_year);
      |                                ^~~~
../Core/Src/display.c:159:23: note: directive argument in the range [0, 255]
  159 |   snprintf(buffer, 9, "%02d/  /%02d", new_day, new_year);
      |                       ^~~~~~~~~~~~~~
../Core/Src/display.c:159:3: note: 'snprintf' output between 9 and 11 bytes into a destination of size 9
  159 |   snprintf(buffer, 9, "%02d/  /%02d", new_day, new_year);
      |   ^~~~~~~~~~~~~~~~~~~~~~~~~~~~~~~~~~~~~~~~~~~~~~~~~~~~~~
../Core/Src/display.c: In function 'print_date_blink_year':
../Core/Src/display.c:169:33: warning: '/  ' directive output may be truncated writing 3 bytes into a region of size between 2 and 4 [-Wformat-truncation=]
  169 |   snprintf(buffer, 9, "%02d/%02d/  ", new_day, new_month);
      |                                 ^~~
../Core/Src/display.c:169:3: note: 'snprintf' output between 9 and 11 bytes into a destination of size 9
  169 |   snprintf(buffer, 9, "%02d/%02d/  ", new_day, new_month);
      |   ^~~~~~~~~~~~~~~~~~~~~~~~~~~~~~~~~~~~~~~~~~~~~~~~~~~~~~~
../Core/Src/stm32l0xx_it.c: In function 'HAL_GPIO_EXTI_Callback':
../Core/Src/stm32l0xx_it.c:177:3: warning: implicit declaration of function 'SystemClock_Config'; did you mean 'SysTick_Config'? [-Wimplicit-function-declaration]
  177 |   SystemClock_Config();
      |   ^~~~~~~~~~~~~~~~~~
      |   SysTick_Config
arm-none-eabi-gcc -o "STM32Watch.elf" @"objects.list"   -mcpu=cortex-m0plus -T"/Users/anemiq/Projects/stm32watch/STM32Watch/STM32L031K6TX_FLASH.ld" --specs=nosys.specs -Wl,-Map="STM32Watch.map" -Wl,--gc-sections -static --specs=nano.specs -mfloat-abi=soft -mthumb -Wl,--start-group -lc -lm -Wl,--end-group
Finished building target: STM32Watch.elf
 
arm-none-eabi-size   STM32Watch.elf 
arm-none-eabi-objdump -h -S  STM32Watch.elf  > "STM32Watch.list"
   text	   data	    bss	    dec	    hex	filename
  23396	    128	   1912	  25436	   635c	STM32Watch.elf
Finished building: default.size.stdout
 
Finished building: STM32Watch.list
 
